Archive member included to satisfy reference by file (symbol)

C:/ST/STM32CubeIDE_1.13.2/STM32CubeIDE/plugins/com.st.stm32cube.ide.mcu.externaltools.gnu-tools-for-stm32.11.3.rel1.win32_1.1.1.202309131626/tools/bin/../lib/gcc/arm-none-eabi/11.3.1/../../../../arm-none-eabi/lib/thumb/v7-m/nofp\libc_nano.a(libc_a-exit.o)
                              C:/ST/STM32CubeIDE_1.13.2/STM32CubeIDE/plugins/com.st.stm32cube.ide.mcu.externaltools.gnu-tools-for-stm32.11.3.rel1.win32_1.1.1.202309131626/tools/bin/../lib/gcc/arm-none-eabi/11.3.1/../../../../arm-none-eabi/lib/thumb/v7-m/nofp/crt0.o (exit)
C:/ST/STM32CubeIDE_1.13.2/STM32CubeIDE/plugins/com.st.stm32cube.ide.mcu.externaltools.gnu-tools-for-stm32.11.3.rel1.win32_1.1.1.202309131626/tools/bin/../lib/gcc/arm-none-eabi/11.3.1/../../../../arm-none-eabi/lib/thumb/v7-m/nofp\libc_nano.a(libc_a-findfp.o)
                              ./Middlewares/Third_Party/FreeRTOS/Source/tasks.o (__sf)
C:/ST/STM32CubeIDE_1.13.2/STM32CubeIDE/plugins/com.st.stm32cube.ide.mcu.externaltools.gnu-tools-for-stm32.11.3.rel1.win32_1.1.1.202309131626/tools/bin/../lib/gcc/arm-none-eabi/11.3.1/../../../../arm-none-eabi/lib/thumb/v7-m/nofp\libc_nano.a(libc_a-fwalk.o)
                              C:/ST/STM32CubeIDE_1.13.2/STM32CubeIDE/plugins/com.st.stm32cube.ide.mcu.externaltools.gnu-tools-for-stm32.11.3.rel1.win32_1.1.1.202309131626/tools/bin/../lib/gcc/arm-none-eabi/11.3.1/../../../../arm-none-eabi/lib/thumb/v7-m/nofp\libc_nano.a(libc_a-findfp.o) (_fwalk_sglue)
C:/ST/STM32CubeIDE_1.13.2/STM32CubeIDE/plugins/com.st.stm32cube.ide.mcu.externaltools.gnu-tools-for-stm32.11.3.rel1.win32_1.1.1.202309131626/tools/bin/../lib/gcc/arm-none-eabi/11.3.1/../../../../arm-none-eabi/lib/thumb/v7-m/nofp\libc_nano.a(libc_a-stdio.o)
                              C:/ST/STM32CubeIDE_1.13.2/STM32CubeIDE/plugins/com.st.stm32cube.ide.mcu.externaltools.gnu-tools-for-stm32.11.3.rel1.win32_1.1.1.202309131626/tools/bin/../lib/gcc/arm-none-eabi/11.3.1/../../../../arm-none-eabi/lib/thumb/v7-m/nofp\libc_nano.a(libc_a-findfp.o) (__sread)
C:/ST/STM32CubeIDE_1.13.2/STM32CubeIDE/plugins/com.st.stm32cube.ide.mcu.externaltools.gnu-tools-for-stm32.11.3.rel1.win32_1.1.1.202309131626/tools/bin/../lib/gcc/arm-none-eabi/11.3.1/../../../../arm-none-eabi/lib/thumb/v7-m/nofp\libc_nano.a(libc_a-memset.o)
                              C:/ST/STM32CubeIDE_1.13.2/STM32CubeIDE/plugins/com.st.stm32cube.ide.mcu.externaltools.gnu-tools-for-stm32.11.3.rel1.win32_1.1.1.202309131626/tools/bin/../lib/gcc/arm-none-eabi/11.3.1/../../../../arm-none-eabi/lib/thumb/v7-m/nofp/crt0.o (memset)
C:/ST/STM32CubeIDE_1.13.2/STM32CubeIDE/plugins/com.st.stm32cube.ide.mcu.externaltools.gnu-tools-for-stm32.11.3.rel1.win32_1.1.1.202309131626/tools/bin/../lib/gcc/arm-none-eabi/11.3.1/../../../../arm-none-eabi/lib/thumb/v7-m/nofp\libc_nano.a(libc_a-closer.o)
                              C:/ST/STM32CubeIDE_1.13.2/STM32CubeIDE/plugins/com.st.stm32cube.ide.mcu.externaltools.gnu-tools-for-stm32.11.3.rel1.win32_1.1.1.202309131626/tools/bin/../lib/gcc/arm-none-eabi/11.3.1/../../../../arm-none-eabi/lib/thumb/v7-m/nofp\libc_nano.a(libc_a-stdio.o) (_close_r)
C:/ST/STM32CubeIDE_1.13.2/STM32CubeIDE/plugins/com.st.stm32cube.ide.mcu.externaltools.gnu-tools-for-stm32.11.3.rel1.win32_1.1.1.202309131626/tools/bin/../lib/gcc/arm-none-eabi/11.3.1/../../../../arm-none-eabi/lib/thumb/v7-m/nofp\libc_nano.a(libc_a-reent.o)
                              ./Middlewares/Third_Party/FreeRTOS/Source/tasks.o (_reclaim_reent)
C:/ST/STM32CubeIDE_1.13.2/STM32CubeIDE/plugins/com.st.stm32cube.ide.mcu.externaltools.gnu-tools-for-stm32.11.3.rel1.win32_1.1.1.202309131626/tools/bin/../lib/gcc/arm-none-eabi/11.3.1/../../../../arm-none-eabi/lib/thumb/v7-m/nofp\libc_nano.a(libc_a-impure.o)
                              ./Middlewares/Third_Party/FreeRTOS/Source/tasks.o (_impure_ptr)
C:/ST/STM32CubeIDE_1.13.2/STM32CubeIDE/plugins/com.st.stm32cube.ide.mcu.externaltools.gnu-tools-for-stm32.11.3.rel1.win32_1.1.1.202309131626/tools/bin/../lib/gcc/arm-none-eabi/11.3.1/../../../../arm-none-eabi/lib/thumb/v7-m/nofp\libc_nano.a(libc_a-lseekr.o)
                              C:/ST/STM32CubeIDE_1.13.2/STM32CubeIDE/plugins/com.st.stm32cube.ide.mcu.externaltools.gnu-tools-for-stm32.11.3.rel1.win32_1.1.1.202309131626/tools/bin/../lib/gcc/arm-none-eabi/11.3.1/../../../../arm-none-eabi/lib/thumb/v7-m/nofp\libc_nano.a(libc_a-stdio.o) (_lseek_r)
C:/ST/STM32CubeIDE_1.13.2/STM32CubeIDE/plugins/com.st.stm32cube.ide.mcu.externaltools.gnu-tools-for-stm32.11.3.rel1.win32_1.1.1.202309131626/tools/bin/../lib/gcc/arm-none-eabi/11.3.1/../../../../arm-none-eabi/lib/thumb/v7-m/nofp\libc_nano.a(libc_a-readr.o)
                              C:/ST/STM32CubeIDE_1.13.2/STM32CubeIDE/plugins/com.st.stm32cube.ide.mcu.externaltools.gnu-tools-for-stm32.11.3.rel1.win32_1.1.1.202309131626/tools/bin/../lib/gcc/arm-none-eabi/11.3.1/../../../../arm-none-eabi/lib/thumb/v7-m/nofp\libc_nano.a(libc_a-stdio.o) (_read_r)
[...]
Memory Configuration

Name             Origin             Length             Attributes
RAM              0x0000000020000000 0x0000000000005000 xrw
FLASH            0x0000000008000000 0x0000000000010000 xr
*default*        0x0000000000000000 0xffffffffffffffff

Linker script and memory map

LOAD C:/ST/STM32CubeIDE_1.13.2/STM32CubeIDE/plugins/com.st.stm32cube.ide.mcu.externaltools.gnu-tools-for-stm32.11.3.rel1.win32_1.1.1.202309131626/tools/bin/../lib/gcc/arm-none-eabi/11.3.1/thumb/v7-m/nofp/crti.o
LOAD C:/ST/STM32CubeIDE_1.13.2/STM32CubeIDE/plugins/com.st.stm32cube.ide.mcu.externaltools.gnu-tools-for-stm32.11.3.rel1.win32_1.1.1.202309131626/tools/bin/../lib/gcc/arm-none-eabi/11.3.1/thumb/v7-m/nofp/crtbegin.o
LOAD C:/ST/STM32CubeIDE_1.13.2/STM32CubeIDE/plugins/com.st.stm32cube.ide.mcu.externaltools.gnu-tools-for-stm32.11.3.rel1.win32_1.1.1.202309131626/tools/bin/../lib/gcc/arm-none-eabi/11.3.1/../../../../arm-none-eabi/lib/thumb/v7-m/nofp/crt0.o
LOAD ./Core/Src/freertos.o
LOAD ./Core/Src/gpio.o
LOAD ./Core/Src/main.o
LOAD ./Core/Src/stm32f1xx_hal_msp.o
LOAD ./Core/Src/stm32f1xx_it.o
LOAD ./Core/Src/syscalls.o
LOAD ./Core/Src/sysmem.o
LOAD ./Core/Src/system_stm32f1xx.o
LOAD ./Core/Src/usart.o
LOAD ./Core/Startup/startup_stm32f103c8tx.o
LOAD ./Drivers/STM32F1xx_HAL_Driver/Src/stm32f1xx_hal.o
LOAD ./Drivers/STM32F1xx_HAL_Driver/Src/stm32f1xx_hal_cortex.o
LOAD ./Drivers/STM32F1xx_HAL_Driver/Src/stm32f1xx_hal_dma.o
LOAD ./Drivers/STM32F1xx_HAL_Driver/Src/stm32f1xx_hal_exti.o
LOAD ./Drivers/STM32F1xx_HAL_Driver/Src/stm32f1xx_hal_flash.o
LOAD ./Drivers/STM32F1xx_HAL_Driver/Src/stm32f1xx_hal_flash_ex.o
LOAD ./Drivers/STM32F1xx_HAL_Driver/Src/stm32f1xx_hal_gpio.o
LOAD ./Drivers/STM32F1xx_HAL_Driver/Src/stm32f1xx_hal_gpio_ex.o
LOAD ./Drivers/STM32F1xx_HAL_Driver/Src/stm32f1xx_hal_pwr.o
LOAD ./Drivers/STM32F1xx_HAL_Driver/Src/stm32f1xx_hal_rcc.o
LOAD ./Drivers/STM32F1xx_HAL_Driver/Src/stm32f1xx_hal_rcc_ex.o
LOAD ./Drivers/STM32F1xx_HAL_Driver/Src/stm32f1xx_hal_tim.o
LOAD ./Drivers/STM32F1xx_HAL_Driver/Src/stm32f1xx_hal_tim_ex.o
LOAD ./Drivers/STM32F1xx_HAL_Driver/Src/stm32f1xx_hal_uart.o
LOAD ./Middlewares/Third_Party/FreeRTOS/Source/CMSIS_RTOS/cmsis_os.o
LOAD ./Middlewares/Third_Party/FreeRTOS/Source/croutine.o
LOAD ./Middlewares/Third_Party/FreeRTOS/Source/event_groups.o
LOAD ./Middlewares/Third_Party/FreeRTOS/Source/list.o
LOAD ./Middlewares/Third_Party/FreeRTOS/Source/queue.o
LOAD ./Middlewares/Third_Party/FreeRTOS/Source/stream_buffer.o
LOAD ./Middlewares/Third_Party/FreeRTOS/Source/tasks.o
LOAD ./Middlewares/Third_Party/FreeRTOS/Source/timers.o
LOAD ./Middlewares/Third_Party/FreeRTOS/Source/portable/GCC/ARM_CM3/port.o
LOAD ./Middlewares/Third_Party/FreeRTOS/Source/portable/MemMang/heap_4.o
START GROUP
LOAD C:/ST/STM32CubeIDE_1.13.2/STM32CubeIDE/plugins/com.st.stm32cube.ide.mcu.externaltools.gnu-tools-for-stm32.11.3.rel1.win32_1.1.1.202309131626/tools/bin/../lib/gcc/arm-none-eabi/11.3.1/../../../../arm-none-eabi/lib/thumb/v7-m/nofp\libc_nano.a
LOAD C:/ST/STM32CubeIDE_1.13.2/STM32CubeIDE/plugins/com.st.stm32cube.ide.mcu.externaltools.gnu-tools-for-stm32.11.3.rel1.win32_1.1.1.202309131626/tools/bin/../lib/gcc/arm-none-eabi/11.3.1/../../../../arm-none-eabi/lib/thumb/v7-m/nofp\libm.a
END GROUP
START GROUP
LOAD C:/ST/STM32CubeIDE_1.13.2/STM32CubeIDE/plugins/com.st.stm32cube.ide.mcu.externaltools.gnu-tools-for-stm32.11.3.rel1.win32_1.1.1.202309131626/tools/bin/../lib/gcc/arm-none-eabi/11.3.1/thumb/v7-m/nofp\libgcc.a
LOAD C:/ST/STM32CubeIDE_1.13.2/STM32CubeIDE/plugins/com.st.stm32cube.ide.mcu.externaltools.gnu-tools-for-stm32.11.3.rel1.win32_1.1.1.202309131626/tools/bin/../lib/gcc/arm-none-eabi/11.3.1/../../../../arm-none-eabi/lib/thumb/v7-m/nofp\libc_nano.a
END GROUP
START GROUP
LOAD C:/ST/STM32CubeIDE_1.13.2/STM32CubeIDE/plugins/com.st.stm32cube.ide.mcu.externaltools.gnu-tools-for-stm32.11.3.rel1.win32_1.1.1.202309131626/tools/bin/../lib/gcc/arm-none-eabi/11.3.1/thumb/v7-m/nofp\libgcc.a
LOAD C:/ST/STM32CubeIDE_1.13.2/STM32CubeIDE/plugins/com.st.stm32cube.ide.mcu.externaltools.gnu-tools-for-stm32.11.3.rel1.win32_1.1.1.202309131626/tools/bin/../lib/gcc/arm-none-eabi/11.3.1/../../../../arm-none-eabi/lib/thumb/v7-m/nofp\libc_nano.a
LOAD C:/ST/STM32CubeIDE_1.13.2/STM32CubeIDE/plugins/com.st.stm32cube.ide.mcu.externaltools.gnu-tools-for-stm32.11.3.rel1.win32_1.1.1.202309131626/tools/bin/../lib/gcc/arm-none-eabi/11.3.1/../../../../arm-none-eabi/lib/thumb/v7-m/nofp\libnosys.a
END GROUP
START GROUP
LOAD C:/ST/STM32CubeIDE_1.13.2/STM32CubeIDE/plugins/com.st.stm32cube.ide.mcu.externaltools.gnu-tools-for-stm32.11.3.rel1.win32_1.1.1.202309131626/tools/bin/../lib/gcc/arm-none-eabi/11.3.1/thumb/v7-m/nofp\libgcc.a
LOAD C:/ST/STM32CubeIDE_1.13.2/STM32CubeIDE/plugins/com.st.stm32cube.ide.mcu.externaltools.gnu-tools-for-stm32.11.3.rel1.win32_1.1.1.202309131626/tools/bin/../lib/gcc/arm-none-eabi/11.3.1/../../../../arm-none-eabi/lib/thumb/v7-m/nofp\libc_nano.a
LOAD C:/ST/STM32CubeIDE_1.13.2/STM32CubeIDE/plugins/com.st.stm32cube.ide.mcu.externaltools.gnu-tools-for-stm32.11.3.rel1.win32_1.1.1.202309131626/tools/bin/../lib/gcc/arm-none-eabi/11.3.1/../../../../arm-none-eabi/lib/thumb/v7-m/nofp\libnosys.a
END GROUP
LOAD C:/ST/STM32CubeIDE_1.13.2/STM32CubeIDE/plugins/com.st.stm32cube.ide.mcu.externaltools.gnu-tools-for-stm32.11.3.rel1.win32_1.1.1.202309131626/tools/bin/../lib/gcc/arm-none-eabi/11.3.1/thumb/v7-m/nofp/crtend.o
LOAD C:/ST/STM32CubeIDE_1.13.2/STM32CubeIDE/plugins/com.st.stm32cube.ide.mcu.externaltools.gnu-tools-for-stm32.11.3.rel1.win32_1.1.1.202309131626/tools/bin/../lib/gcc/arm-none-eabi/11.3.1/thumb/v7-m/nofp/crtn.o
                0x0000000020005000                _estack = (ORIGIN (RAM) + LENGTH (RAM))
                0x0000000000000200                _Min_Heap_Size = 0x200
                0x0000000000000400                _Min_Stack_Size = 0x400

.isr_vector     0x0000000008000000      0x10c
                0x0000000008000000                . = ALIGN (0x4)
 *(.isr_vector)
 .isr_vector    0x0000000008000000      0x10c ./Core/Startup/startup_stm32f103c8tx.o
                0x0000000008000000                g_pfnVectors
                0x000000000800010c                . = ALIGN (0x4)

.text           0x0000000008000110     0x4a1c
                0x0000000008000110                . = ALIGN (0x4)
 *(.text)
 .text          0x0000000008000110       0x40 C:/ST/STM32CubeIDE_1.13.2/STM32CubeIDE/plugins/com.st.stm32cube.ide.mcu.externaltools.gnu-tools-for-stm32.11.3.rel1.win32_1.1.1.202309131626/tools/bin/../lib/gcc/arm-none-eabi/11.3.1/thumb/v7-m/nofp/crtbegin.o
 *(.text*)
 .text.vApplicationGetIdleTaskMemory
                0x0000000008000150       0x30 ./Core/Src/freertos.o
                0x0000000008000150                vApplicationGetIdleTaskMemory
 .text.vApplicationStackOverflowHook
                0x0000000008000180       0x1e ./Core/Src/freertos.o
                0x0000000008000180                vApplicationStackOverflowHook
 .text.vApplicationMallocFailedHook
                0x000000000800019e       0x1a ./Core/Src/freertos.o
                0x000000000800019e                vApplicationMallocFailedHook
 .text.MX_GPIO_Init
                0x00000000080001b8       0x80 ./Core/Src/gpio.o
                0x00000000080001b8                MX_GPIO_Init
 .text.main     0x0000000008000238      0x114 ./Core/Src/main.o
                0x0000000008000238                main
 .text.SystemClock_Config
                0x000000000800034c       0x76 ./Core/Src/main.o
                0x000000000800034c                SystemClock_Config
 *fill*         0x00000000080003c2        0x2 
 .text.HAL_UART_TxCpltCallback
                0x00000000080003c4       0x40 ./Core/Src/main.o
                0x00000000080003c4                HAL_UART_TxCpltCallback
 .text.HAL_UART_RxCpltCallback
                0x0000000008000404       0x5c ./Core/Src/main.o
                0x0000000008000404                HAL_UART_RxCpltCallback
 .text.send_byte_rtos
                0x0000000008000460       0x3c ./Core/Src/main.o
                0x0000000008000460                send_byte_rtos
 .text.receive_byte_rtos
                0x000000000800049c       0x2c ./Core/Src/main.o
                0x000000000800049c                receive_byte_rtos
 .text.led_flash_task
                0x00000000080004c8       0x20 ./Core/Src/main.o
                0x00000000080004c8                led_flash_task
 .text.rs232_xmit_msg_task
                0x00000000080004e8       0x54 ./Core/Src/main.o
                0x00000000080004e8                rs232_xmit_msg_task
 .text.queue_str_task
                0x000000000800053c       0x40 ./Core/Src/main.o
                0x000000000800053c                queue_str_task
 .text.queue_str_task1
                0x000000000800057c       0x20 ./Core/Src/main.o
                0x000000000800057c                queue_str_task1
 .text.queue_str_task2
                0x000000000800059c       0x20 ./Core/Src/main.o
                0x000000000800059c                queue_str_task2
 .text.serial_readwrite_task
                0x00000000080005bc       0x98 ./Core/Src/main.o
                0x00000000080005bc                serial_readwrite_task
 .text.Error_Handler
                0x0000000008000654        0xa ./Core/Src/main.o
                0x0000000008000654                Error_Handler
 *fill*         0x000000000800065e        0x2 
 .text.HAL_MspInit
                0x0000000008000660       0x70 ./Core/Src/stm32f1xx_hal_msp.o
                0x0000000008000660                HAL_MspInit
 .text.NMI_Handler
                0x00000000080006d0        0x6 ./Core/Src/stm32f1xx_it.o
                0x00000000080006d0                NMI_Handler
 .text.HardFault_Handler
                0x00000000080006d6        0x6 ./Core/Src/stm32f1xx_it.o
                0x00000000080006d6                HardFault_Handler
 .text.MemManage_Handler
                0x00000000080006dc        0x6 ./Core/Src/stm32f1xx_it.o
                0x00000000080006dc                MemManage_Handler
 .text.BusFault_Handler
                0x00000000080006e2        0x6 ./Core/Src/stm32f1xx_it.o
                0x00000000080006e2                BusFault_Handler
 .text.UsageFault_Handler
                0x00000000080006e8        0x6 ./Core/Src/stm32f1xx_it.o
                0x00000000080006e8                UsageFault_Handler
 .text.DebugMon_Handler
                0x00000000080006ee        0xc ./Core/Src/stm32f1xx_it.o
                0x00000000080006ee                DebugMon_Handler
 .text.SysTick_Handler
                0x00000000080006fa       0x1a ./Core/Src/stm32f1xx_it.o
                0x00000000080006fa                SysTick_Handler
 .text.USART1_IRQHandler
                0x0000000008000714       0x14 ./Core/Src/stm32f1xx_it.o
                0x0000000008000714                USART1_IRQHandler
 .text.SystemInit
                0x0000000008000728        0xc ./Core/Src/system_stm32f1xx.o
                0x0000000008000728                SystemInit
 .text.MX_USART1_UART_Init
                0x0000000008000734       0x54 ./Core/Src/usart.o
                0x0000000008000734                MX_USART1_UART_Init
 .text.HAL_UART_MspInit
                0x0000000008000788       0xa8 ./Core/Src/usart.o
                0x0000000008000788                HAL_UART_MspInit
 .text.Reset_Handler
                0x0000000008000830       0x48 ./Core/Startup/startup_stm32f103c8tx.o
                0x0000000008000830                Reset_Handler
 .text.Default_Handler
                0x0000000008000878        0x2 ./Core/Startup/startup_stm32f103c8tx.o
                0x0000000008000878                RTC_Alarm_IRQHandler
                0x0000000008000878                EXTI2_IRQHandler
                0x0000000008000878                TIM1_CC_IRQHandler
                0x0000000008000878                PVD_IRQHandler
                0x0000000008000878                EXTI3_IRQHandler
                0x0000000008000878                EXTI0_IRQHandler
                0x0000000008000878                I2C2_EV_IRQHandler
                0x0000000008000878                ADC1_2_IRQHandler
                0x0000000008000878                SPI1_IRQHandler
                0x0000000008000878                TAMPER_IRQHandler
                0x0000000008000878                DMA1_Channel4_IRQHandler
                0x0000000008000878                USART3_IRQHandler
                0x0000000008000878                RTC_IRQHandler
                0x0000000008000878                DMA1_Channel7_IRQHandler
                0x0000000008000878                CAN1_RX1_IRQHandler
                0x0000000008000878                TIM4_IRQHandler
                0x0000000008000878                I2C1_EV_IRQHandler
                0x0000000008000878                DMA1_Channel6_IRQHandler
                0x0000000008000878                TIM3_IRQHandler
                0x0000000008000878                RCC_IRQHandler
                0x0000000008000878                TIM1_TRG_COM_IRQHandler
                0x0000000008000878                DMA1_Channel1_IRQHandler
                0x0000000008000878                Default_Handler
                0x0000000008000878                EXTI15_10_IRQHandler
                0x0000000008000878                EXTI9_5_IRQHandler
                0x0000000008000878                SPI2_IRQHandler
                0x0000000008000878                DMA1_Channel5_IRQHandler
                0x0000000008000878                EXTI4_IRQHandler
                0x0000000008000878                USB_LP_CAN1_RX0_IRQHandler
                0x0000000008000878                USB_HP_CAN1_TX_IRQHandler
                0x0000000008000878                DMA1_Channel3_IRQHandler
                0x0000000008000878                TIM1_UP_IRQHandler
                0x0000000008000878                WWDG_IRQHandler
                0x0000000008000878                TIM2_IRQHandler
                0x0000000008000878                TIM1_BRK_IRQHandler
                0x0000000008000878                EXTI1_IRQHandler
                0x0000000008000878                USART2_IRQHandler
                0x0000000008000878                I2C2_ER_IRQHandler
                0x0000000008000878                DMA1_Channel2_IRQHandler
                0x0000000008000878                CAN1_SCE_IRQHandler
                0x0000000008000878                FLASH_IRQHandler
                0x0000000008000878                I2C1_ER_IRQHandler
                0x0000000008000878                USBWakeUp_IRQHandler
 *fill*         0x000000000800087a        0x2 
 .text.HAL_Init
                0x000000000800087c       0x2c ./Drivers/STM32F1xx_HAL_Driver/Src/stm32f1xx_hal.o
                0x000000000800087c                HAL_Init
 .text.HAL_InitTick
                0x00000000080008a8       0x60 ./Drivers/STM32F1xx_HAL_Driver/Src/stm32f1xx_hal.o
                0x00000000080008a8                HAL_InitTick
 .text.HAL_IncTick
                0x0000000008000908       0x24 ./Drivers/STM32F1xx_HAL_Driver/Src/stm32f1xx_hal.o
                0x0000000008000908                HAL_IncTick
 .text.HAL_GetTick
                0x000000000800092c       0x14 ./Drivers/STM32F1xx_HAL_Driver/Src/stm32f1xx_hal.o
                0x000000000800092c                HAL_GetTick
 .text.__NVIC_SetPriorityGrouping
                0x0000000008000940       0x48 ./Drivers/STM32F1xx_HAL_Driver/Src/stm32f1xx_hal_cortex.o
 .text.__NVIC_GetPriorityGrouping
                0x0000000008000988       0x1c ./Drivers/STM32F1xx_HAL_Driver/Src/stm32f1xx_hal_cortex.o
 .text.__NVIC_EnableIRQ
                0x00000000080009a4       0x38 ./Drivers/STM32F1xx_HAL_Driver/Src/stm32f1xx_hal_cortex.o
 .text.__NVIC_SetPriority
                0x00000000080009dc       0x54 ./Drivers/STM32F1xx_HAL_Driver/Src/stm32f1xx_hal_cortex.o
 .text.NVIC_EncodePriority
                0x0000000008000a30       0x64 ./Drivers/STM32F1xx_HAL_Driver/Src/stm32f1xx_hal_cortex.o
 .text.SysTick_Config
                0x0000000008000a94       0x44 ./Drivers/STM32F1xx_HAL_Driver/Src/stm32f1xx_hal_cortex.o
 .text.HAL_NVIC_SetPriorityGrouping
                0x0000000008000ad8       0x16 ./Drivers/STM32F1xx_HAL_Driver/Src/stm32f1xx_hal_cortex.o
                0x0000000008000ad8                HAL_NVIC_SetPriorityGrouping
 .text.HAL_NVIC_SetPriority
                0x0000000008000aee       0x38 ./Drivers/STM32F1xx_HAL_Driver/Src/stm32f1xx_hal_cortex.o
                0x0000000008000aee                HAL_NVIC_SetPriority
 .text.HAL_NVIC_EnableIRQ
                0x0000000008000b26       0x1c ./Drivers/STM32F1xx_HAL_Driver/Src/stm32f1xx_hal_cortex.o
                0x0000000008000b26                HAL_NVIC_EnableIRQ
 .text.HAL_SYSTICK_Config
                0x0000000008000b42       0x18 ./Drivers/STM32F1xx_HAL_Driver/Src/stm32f1xx_hal_cortex.o
                0x0000000008000b42                HAL_SYSTICK_Config
 .text.HAL_DMA_Abort
                0x0000000008000b5a       0x76 ./Drivers/STM32F1xx_HAL_Driver/Src/stm32f1xx_hal_dma.o
                0x0000000008000b5a                HAL_DMA_Abort
 .text.HAL_DMA_Abort_IT
                0x0000000008000bd0       0xf0 ./Drivers/STM32F1xx_HAL_Driver/Src/stm32f1xx_hal_dma.o
                0x0000000008000bd0                HAL_DMA_Abort_IT
 .text.HAL_GPIO_Init
                0x0000000008000cc0      0x308 ./Drivers/STM32F1xx_HAL_Driver/Src/stm32f1xx_hal_gpio.o
                0x0000000008000cc0                HAL_GPIO_Init
 .text.HAL_GPIO_WritePin
                0x0000000008000fc8       0x30 ./Drivers/STM32F1xx_HAL_Driver/Src/stm32f1xx_hal_gpio.o
                0x0000000008000fc8                HAL_GPIO_WritePin
 .text.HAL_GPIO_TogglePin
                0x0000000008000ff8       0x32 ./Drivers/STM32F1xx_HAL_Driver/Src/stm32f1xx_hal_gpio.o
                0x0000000008000ff8                HAL_GPIO_TogglePin
 *fill*         0x000000000800102a        0x2 
 .text.HAL_RCC_OscConfig
                0x000000000800102c      0x504 ./Drivers/STM32F1xx_HAL_Driver/Src/stm32f1xx_hal_rcc.o
                0x000000000800102c                HAL_RCC_OscConfig
 .text.HAL_RCC_ClockConfig
                0x0000000008001530      0x1d4 ./Drivers/STM32F1xx_HAL_Driver/Src/stm32f1xx_hal_rcc.o
                0x0000000008001530                HAL_RCC_ClockConfig
 .text.HAL_RCC_GetSysClockFreq
                0x0000000008001704       0xa8 ./Drivers/STM32F1xx_HAL_Driver/Src/stm32f1xx_hal_rcc.o
                0x0000000008001704                HAL_RCC_GetSysClockFreq
 .text.HAL_RCC_GetHCLKFreq
                0x00000000080017ac       0x14 ./Drivers/STM32F1xx_HAL_Driver/Src/stm32f1xx_hal_rcc.o
                0x00000000080017ac                HAL_RCC_GetHCLKFreq
 .text.HAL_RCC_GetPCLK1Freq
                0x00000000080017c0       0x28 ./Drivers/STM32F1xx_HAL_Driver/Src/stm32f1xx_hal_rcc.o
                0x00000000080017c0                HAL_RCC_GetPCLK1Freq
 .text.HAL_RCC_GetPCLK2Freq
                0x00000000080017e8       0x28 ./Drivers/STM32F1xx_HAL_Driver/Src/stm32f1xx_hal_rcc.o
                0x00000000080017e8                HAL_RCC_GetPCLK2Freq
 .text.RCC_Delay
                0x0000000008001810       0x3c ./Drivers/STM32F1xx_HAL_Driver/Src/stm32f1xx_hal_rcc.o
 .text.HAL_UART_Init
                0x000000000800184c       0xa0 ./Drivers/STM32F1xx_HAL_Driver/Src/stm32f1xx_hal_uart.o
                0x000000000800184c                HAL_UART_Init
 .text.HAL_UART_Transmit_IT
                0x00000000080018ec       0x6a ./Drivers/STM32F1xx_HAL_Driver/Src/stm32f1xx_hal_uart.o
                0x00000000080018ec                HAL_UART_Transmit_IT
 .text.HAL_UART_Receive_IT
                0x0000000008001956       0x4a ./Drivers/STM32F1xx_HAL_Driver/Src/stm32f1xx_hal_uart.o
                0x0000000008001956                HAL_UART_Receive_IT
 .text.HAL_UART_IRQHandler
                0x00000000080019a0      0x524 ./Drivers/STM32F1xx_HAL_Driver/Src/stm32f1xx_hal_uart.o
                0x00000000080019a0                HAL_UART_IRQHandler
 .text.HAL_UART_ErrorCallback
                0x0000000008001ec4       0x12 ./Drivers/STM32F1xx_HAL_Driver/Src/stm32f1xx_hal_uart.o
                0x0000000008001ec4                HAL_UART_ErrorCallback
 .text.HAL_UARTEx_RxEventCallback
                0x0000000008001ed6       0x16 ./Drivers/STM32F1xx_HAL_Driver/Src/stm32f1xx_hal_uart.o
                0x0000000008001ed6                HAL_UARTEx_RxEventCallback
 .text.UART_Start_Receive_IT
                0x0000000008001eec       0x72 ./Drivers/STM32F1xx_HAL_Driver/Src/stm32f1xx_hal_uart.o
                0x0000000008001eec                UART_Start_Receive_IT
 .text.UART_EndRxTransfer
                0x0000000008001f5e       0xc4 ./Drivers/STM32F1xx_HAL_Driver/Src/stm32f1xx_hal_uart.o
 .text.UART_DMAAbortOnError
                0x0000000008002022       0x28 ./Drivers/STM32F1xx_HAL_Driver/Src/stm32f1xx_hal_uart.o
 .text.UART_Transmit_IT
                0x000000000800204a       0x9e ./Drivers/STM32F1xx_HAL_Driver/Src/stm32f1xx_hal_uart.o
 .text.UART_EndTransmit_IT
                0x00000000080020e8       0x30 ./Drivers/STM32F1xx_HAL_Driver/Src/stm32f1xx_hal_uart.o
 .text.UART_Receive_IT
                0x0000000008002118      0x17c ./Drivers/STM32F1xx_HAL_Driver/Src/stm32f1xx_hal_uart.o
 .text.UART_SetConfig
                0x0000000008002294      0x11c ./Drivers/STM32F1xx_HAL_Driver/Src/stm32f1xx_hal_uart.o
 .text.vListInitialise
                0x00000000080023b0       0x3e ./Middlewares/Third_Party/FreeRTOS/Source/list.o
                0x00000000080023b0                vListInitialise
 .text.vListInitialiseItem
                0x00000000080023ee       0x18 ./Middlewares/Third_Party/FreeRTOS/Source/list.o
                0x00000000080023ee                vListInitialiseItem
 .text.vListInsertEnd
                0x0000000008002406       0x46 ./Middlewares/Third_Party/FreeRTOS/Source/list.o
                0x0000000008002406                vListInsertEnd
 .text.vListInsert
                0x000000000800244c       0x70 ./Middlewares/Third_Party/FreeRTOS/Source/list.o
                0x000000000800244c                vListInsert
 .text.uxListRemove
                0x00000000080024bc       0x52 ./Middlewares/Third_Party/FreeRTOS/Source/list.o
                0x00000000080024bc                uxListRemove
 *fill*         0x000000000800250e        0x2 
 .text.xQueueGenericReset
                0x0000000008002510       0xd0 ./Middlewares/Third_Party/FreeRTOS/Source/queue.o
                0x0000000008002510                xQueueGenericReset
 .text.xQueueGenericCreate
                0x00000000080025e0       0x7c ./Middlewares/Third_Party/FreeRTOS/Source/queue.o
                0x00000000080025e0                xQueueGenericCreate
 .text.prvInitialiseNewQueue
                0x000000000800265c       0x3e ./Middlewares/Third_Party/FreeRTOS/Source/queue.o
 *fill*         0x000000000800269a        0x2 
 .text.xQueueGenericSend
                0x000000000800269c      0x1fc ./Middlewares/Third_Party/FreeRTOS/Source/queue.o
                0x000000000800269c                xQueueGenericSend
 .text.xQueueGenericSendFromISR
                0x0000000008002898      0x130 ./Middlewares/Third_Party/FreeRTOS/Source/queue.o
                0x0000000008002898                xQueueGenericSendFromISR
 .text.xQueueGiveFromISR
                0x00000000080029c8      0x11a ./Middlewares/Third_Party/FreeRTOS/Source/queue.o
                0x00000000080029c8                xQueueGiveFromISR
 *fill*         0x0000000008002ae2        0x2 
 .text.xQueueReceive
                0x0000000008002ae4      0x1c0 ./Middlewares/Third_Party/FreeRTOS/Source/queue.o
                0x0000000008002ae4                xQueueReceive
 .text.xQueueSemaphoreTake
                0x0000000008002ca4      0x218 ./Middlewares/Third_Party/FreeRTOS/Source/queue.o
                0x0000000008002ca4                xQueueSemaphoreTake
 .text.prvGetDisinheritPriorityAfterTimeout
                0x0000000008002ebc       0x2e ./Middlewares/Third_Party/FreeRTOS/Source/queue.o
 .text.prvCopyDataToQueue
                0x0000000008002eea       0xd4 ./Middlewares/Third_Party/FreeRTOS/Source/queue.o
 .text.prvCopyDataFromQueue
                0x0000000008002fbe       0x4c ./Middlewares/Third_Party/FreeRTOS/Source/queue.o
 .text.prvUnlockQueue
                0x000000000800300a       0xa4 ./Middlewares/Third_Party/FreeRTOS/Source/queue.o
 .text.prvIsQueueEmpty
                0x00000000080030ae       0x2c ./Middlewares/Third_Party/FreeRTOS/Source/queue.o
 .text.prvIsQueueFull
                0x00000000080030da       0x30 ./Middlewares/Third_Party/FreeRTOS/Source/queue.o
 .text.xTaskCreateStatic
                0x000000000800310a       0xb8 ./Middlewares/Third_Party/FreeRTOS/Source/tasks.o
                0x000000000800310a                xTaskCreateStatic
 .text.xTaskCreate
                0x00000000080031c2       0x8a ./Middlewares/Third_Party/FreeRTOS/Source/tasks.o
                0x00000000080031c2                xTaskCreate
 .text.prvInitialiseNewTask
                0x000000000800324c      0x12c ./Middlewares/Third_Party/FreeRTOS/Source/tasks.o
 .text.prvAddNewTaskToReadyList
                0x0000000008003378       0xd4 ./Middlewares/Third_Party/FreeRTOS/Source/tasks.o
 .text.vTaskDelay
                0x000000000800344c       0x68 ./Middlewares/Third_Party/FreeRTOS/Source/tasks.o
                0x000000000800344c                vTaskDelay
 .text.vTaskStartScheduler
                0x00000000080034b4       0xd4 ./Middlewares/Third_Party/FreeRTOS/Source/tasks.o
                0x00000000080034b4                vTaskStartScheduler
 .text.vTaskSuspendAll
                0x0000000008003588       0x1c ./Middlewares/Third_Party/FreeRTOS/Source/tasks.o
                0x0000000008003588                vTaskSuspendAll
 .text.xTaskResumeAll
                0x00000000080035a4      0x138 ./Middlewares/Third_Party/FreeRTOS/Source/tasks.o
                0x00000000080035a4                xTaskResumeAll
 .text.xTaskIncrementTick
                0x00000000080036dc      0x17c ./Middlewares/Third_Party/FreeRTOS/Source/tasks.o
                0x00000000080036dc                xTaskIncrementTick
 .text.vTaskSwitchContext
                0x0000000008003858       0xe4 ./Middlewares/Third_Party/FreeRTOS/Source/tasks.o
                0x0000000008003858                vTaskSwitchContext
 .text.vTaskPlaceOnEventList
                0x000000000800393c       0x48 ./Middlewares/Third_Party/FreeRTOS/Source/tasks.o
                0x000000000800393c                vTaskPlaceOnEventList
 .text.xTaskRemoveFromEventList
                0x0000000008003984       0xc4 ./Middlewares/Third_Party/FreeRTOS/Source/tasks.o
                0x0000000008003984                xTaskRemoveFromEventList
 .text.vTaskInternalSetTimeOutState
                0x0000000008003a48       0x2c ./Middlewares/Third_Party/FreeRTOS/Source/tasks.o
                0x0000000008003a48                vTaskInternalSetTimeOutState
 .text.xTaskCheckForTimeOut
                0x0000000008003a74       0xc4 ./Middlewares/Third_Party/FreeRTOS/Source/tasks.o
                0x0000000008003a74                xTaskCheckForTimeOut
 .text.vTaskMissedYield
                0x0000000008003b38       0x18 ./Middlewares/Third_Party/FreeRTOS/Source/tasks.o
                0x0000000008003b38                vTaskMissedYield
 .text.prvIdleTask
                0x0000000008003b50       0x30 ./Middlewares/Third_Party/FreeRTOS/Source/tasks.o
 .text.prvInitialiseTaskLists
                0x0000000008003b80       0x80 ./Middlewares/Third_Party/FreeRTOS/Source/tasks.o
 .text.prvCheckTasksWaitingTermination
                0x0000000008003c00       0x5c ./Middlewares/Third_Party/FreeRTOS/Source/tasks.o
 .text.prvDeleteTCB
                0x0000000008003c5c       0x68 ./Middlewares/Third_Party/FreeRTOS/Source/tasks.o
 .text.prvResetNextTaskUnblockTime
                0x0000000008003cc4       0x48 ./Middlewares/Third_Party/FreeRTOS/Source/tasks.o
 .text.xTaskGetSchedulerState
                0x0000000008003d0c       0x3c ./Middlewares/Third_Party/FreeRTOS/Source/tasks.o
                0x0000000008003d0c                xTaskGetSchedulerState
 .text.xTaskPriorityInherit
                0x0000000008003d48      0x10c ./Middlewares/Third_Party/FreeRTOS/Source/tasks.o
                0x0000000008003d48                xTaskPriorityInherit
 .text.xTaskPriorityDisinherit
                0x0000000008003e54      0x10c ./Middlewares/Third_Party/FreeRTOS/Source/tasks.o
                0x0000000008003e54                xTaskPriorityDisinherit
 .text.vTaskPriorityDisinheritAfterTimeout
                0x0000000008003f60      0x140 ./Middlewares/Third_Party/FreeRTOS/Source/tasks.o
                0x0000000008003f60                vTaskPriorityDisinheritAfterTimeout
 .text.pvTaskIncrementMutexHeldCount
                0x00000000080040a0       0x28 ./Middlewares/Third_Party/FreeRTOS/Source/tasks.o
                0x00000000080040a0                pvTaskIncrementMutexHeldCount
 .text.prvAddCurrentTaskToDelayedList
                0x00000000080040c8       0xcc ./Middlewares/Third_Party/FreeRTOS/Source/tasks.o
 .text.pxPortInitialiseStack
                0x0000000008004194       0x58 ./Middlewares/Third_Party/FreeRTOS/Source/portable/GCC/ARM_CM3/port.o
                0x0000000008004194                pxPortInitialiseStack
 .text.prvTaskExitError
                0x00000000080041ec       0x58 ./Middlewares/Third_Party/FreeRTOS/Source/portable/GCC/ARM_CM3/port.o
 *fill*         0x0000000008004244        0xc 
 .text.SVC_Handler
                0x0000000008004250       0x28 ./Middlewares/Third_Party/FreeRTOS/Source/portable/GCC/ARM_CM3/port.o
                0x0000000008004250                SVC_Handler
 .text.prvPortStartFirstTask
                0x0000000008004278       0x20 ./Middlewares/Third_Party/FreeRTOS/Source/portable/GCC/ARM_CM3/port.o
 .text.xPortStartScheduler
                0x0000000008004298       0xe4 ./Middlewares/Third_Party/FreeRTOS/Source/portable/GCC/ARM_CM3/port.o
                0x0000000008004298                xPortStartScheduler
 .text.vPortEnterCritical
                0x000000000800437c       0x60 ./Middlewares/Third_Party/FreeRTOS/Source/portable/GCC/ARM_CM3/port.o
                0x000000000800437c                vPortEnterCritical
 .text.vPortExitCritical
                0x00000000080043dc       0x50 ./Middlewares/Third_Party/FreeRTOS/Source/portable/GCC/ARM_CM3/port.o
                0x00000000080043dc                vPortExitCritical
 *fill*         0x000000000800442c        0x4 
 .text.PendSV_Handler
                0x0000000008004430       0x48 ./Middlewares/Third_Party/FreeRTOS/Source/portable/GCC/ARM_CM3/port.o
                0x0000000008004430                PendSV_Handler
 .text.xPortSysTickHandler
                0x0000000008004478       0x44 ./Middlewares/Third_Party/FreeRTOS/Source/portable/GCC/ARM_CM3/port.o
                0x0000000008004478                xPortSysTickHandler
 .text.vPortSetupTimerInterrupt
                0x00000000080044bc       0x44 ./Middlewares/Third_Party/FreeRTOS/Source/portable/GCC/ARM_CM3/port.o
                0x00000000080044bc                vPortSetupTimerInterrupt
 .text.vPortValidateInterruptPriority
                0x0000000008004500       0x7c ./Middlewares/Third_Party/FreeRTOS/Source/portable/GCC/ARM_CM3/port.o
                0x0000000008004500                vPortValidateInterruptPriority
 .text.pvPortMalloc
                0x000000000800457c      0x194 ./Middlewares/Third_Party/FreeRTOS/Source/portable/MemMang/heap_4.o
                0x000000000800457c                pvPortMalloc
 .text.vPortFree
                0x0000000008004710       0xb4 ./Middlewares/Third_Party/FreeRTOS/Source/portable/MemMang/heap_4.o
                0x0000000008004710                vPortFree
 .text.prvHeapInit
                0x00000000080047c4       0xc4 ./Middlewares/Third_Party/FreeRTOS/Source/portable/MemMang/heap_4.o
 .text.prvInsertBlockIntoFreeList
                0x0000000008004888       0xb0 ./Middlewares/Third_Party/FreeRTOS/Source/portable/MemMang/heap_4.o
 .text.memset   0x0000000008004938       0x10 C:/ST/STM32CubeIDE_1.13.2/STM32CubeIDE/plugins/com.st.stm32cube.ide.mcu.externaltools.gnu-tools-for-stm32.11.3.rel1.win32_1.1.1.202309131626/tools/bin/../lib/gcc/arm-none-eabi/11.3.1/../../../../arm-none-eabi/lib/thumb/v7-m/nofp\libc_nano.a(libc_a-memset.o)
                0x0000000008004938                memset
 .text._reclaim_reent
                0x0000000008004948       0xac C:/ST/STM32CubeIDE_1.13.2/STM32CubeIDE/plugins/com.st.stm32cube.ide.mcu.externaltools.gnu-tools-for-stm32.11.3.rel1.win32_1.1.1.202309131626/tools/bin/../lib/gcc/arm-none-eabi/11.3.1/../../../../arm-none-eabi/lib/thumb/v7-m/nofp\libc_nano.a(libc_a-reent.o)
                0x0000000008004948                _reclaim_reent
 .text.__libc_init_array
                0x00000000080049f4       0x48 C:/ST/STM32CubeIDE_1.13.2/STM32CubeIDE/plugins/com.st.stm32cube.ide.mcu.externaltools.gnu-tools-for-stm32.11.3.rel1.win32_1.1.1.202309131626/tools/bin/../lib/gcc/arm-none-eabi/11.3.1/../../../../arm-none-eabi/lib/thumb/v7-m/nofp\libc_nano.a(libc_a-init.o)
                0x00000000080049f4                __libc_init_array
 .text.__retarget_lock_acquire_recursive
                0x0000000008004a3c        0x2 C:/ST/STM32CubeIDE_1.13.2/STM32CubeIDE/plugins/com.st.stm32cube.ide.mcu.externaltools.gnu-tools-for-stm32.11.3.rel1.win32_1.1.1.202309131626/tools/bin/../lib/gcc/arm-none-eabi/11.3.1/../../../../arm-none-eabi/lib/thumb/v7-m/nofp\libc_nano.a(libc_a-lock.o)
                0x0000000008004a3c                __retarget_lock_acquire_recursive
 .text.__retarget_lock_release_recursive
                0x0000000008004a3e        0x2 C:/ST/STM32CubeIDE_1.13.2/STM32CubeIDE/plugins/com.st.stm32cube.ide.mcu.externaltools.gnu-tools-for-stm32.11.3.rel1.win32_1.1.1.202309131626/tools/bin/../lib/gcc/arm-none-eabi/11.3.1/../../../../arm-none-eabi/lib/thumb/v7-m/nofp\libc_nano.a(libc_a-lock.o)
                0x0000000008004a3e                __retarget_lock_release_recursive
 .text.strcpy   0x0000000008004a40       0x10 C:/ST/STM32CubeIDE_1.13.2/STM32CubeIDE/plugins/com.st.stm32cube.ide.mcu.externaltools.gnu-tools-for-stm32.11.3.rel1.win32_1.1.1.202309131626/tools/bin/../lib/gcc/arm-none-eabi/11.3.1/../../../../arm-none-eabi/lib/thumb/v7-m/nofp\libc_nano.a(libc_a-strcpy.o)
                0x0000000008004a40                strcpy
 .text.memcpy   0x0000000008004a50       0x1c C:/ST/STM32CubeIDE_1.13.2/STM32CubeIDE/plugins/com.st.stm32cube.ide.mcu.externaltools.gnu-tools-for-stm32.11.3.rel1.win32_1.1.1.202309131626/tools/bin/../lib/gcc/arm-none-eabi/11.3.1/../../../../arm-none-eabi/lib/thumb/v7-m/nofp\libc_nano.a(libc_a-memcpy-stub.o)
                0x0000000008004a50                memcpy
 .text._free_r  0x0000000008004a6c       0x90 C:/ST/STM32CubeIDE_1.13.2/STM32CubeIDE/plugins/com.st.stm32cube.ide.mcu.externaltools.gnu-tools-for-stm32.11.3.rel1.win32_1.1.1.202309131626/tools/bin/../lib/gcc/arm-none-eabi/11.3.1/../../../../arm-none-eabi/lib/thumb/v7-m/nofp\libc_nano.a(libc_a-freer.o)
                0x0000000008004a6c                _free_r
 .text.__malloc_lock
                0x0000000008004afc        0xc C:/ST/STM32CubeIDE_1.13.2/STM32CubeIDE/plugins/com.st.stm32cube.ide.mcu.externaltools.gnu-tools-for-stm32.11.3.rel1.win32_1.1.1.202309131626/tools/bin/../lib/gcc/arm-none-eabi/11.3.1/../../../../arm-none-eabi/lib/thumb/v7-m/nofp\libc_nano.a(libc_a-mlock.o)
                0x0000000008004afc                __malloc_lock
 .text.__malloc_unlock
                0x0000000008004b08        0xc C:/ST/STM32CubeIDE_1.13.2/STM32CubeIDE/plugins/com.st.stm32cube.ide.mcu.externaltools.gnu-tools-for-stm32.11.3.rel1.win32_1.1.1.202309131626/tools/bin/../lib/gcc/arm-none-eabi/11.3.1/../../../../arm-none-eabi/lib/thumb/v7-m/nofp\libc_nano.a(libc_a-mlock.o)
                0x0000000008004b08                __malloc_unlock
 *(.glue_7)
 .glue_7        0x0000000008004b14        0x0 linker stubs
 *(.glue_7t)
 .glue_7t       0x0000000008004b14        0x0 linker stubs
 *(.eh_frame)
 .eh_frame      0x0000000008004b14        0x0 C:/ST/STM32CubeIDE_1.13.2/STM32CubeIDE/plugins/com.st.stm32cube.ide.mcu.externaltools.gnu-tools-for-stm32.11.3.rel1.win32_1.1.1.202309131626/tools/bin/../lib/gcc/arm-none-eabi/11.3.1/thumb/v7-m/nofp/crtbegin.o
 *(.init)
 .init          0x0000000008004b14        0x4 C:/ST/STM32CubeIDE_1.13.2/STM32CubeIDE/plugins/com.st.stm32cube.ide.mcu.externaltools.gnu-tools-for-stm32.11.3.rel1.win32_1.1.1.202309131626/tools/bin/../lib/gcc/arm-none-eabi/11.3.1/thumb/v7-m/nofp/crti.o
                0x0000000008004b14                _init
 .init          0x0000000008004b18        0x8 C:/ST/STM32CubeIDE_1.13.2/STM32CubeIDE/plugins/com.st.stm32cube.ide.mcu.externaltools.gnu-tools-for-stm32.11.3.rel1.win32_1.1.1.202309131626/tools/bin/../lib/gcc/arm-none-eabi/11.3.1/thumb/v7-m/nofp/crtn.o
 *(.fini)
 .fini          0x0000000008004b20        0x4 C:/ST/STM32CubeIDE_1.13.2/STM32CubeIDE/plugins/com.st.stm32cube.ide.mcu.externaltools.gnu-tools-for-stm32.11.3.rel1.win32_1.1.1.202309131626/tools/bin/../lib/gcc/arm-none-eabi/11.3.1/thumb/v7-m/nofp/crti.o
                0x0000000008004b20                _fini
 .fini          0x0000000008004b24        0x8 C:/ST/STM32CubeIDE_1.13.2/STM32CubeIDE/plugins/com.st.stm32cube.ide.mcu.externaltools.gnu-tools-for-stm32.11.3.rel1.win32_1.1.1.202309131626/tools/bin/../lib/gcc/arm-none-eabi/11.3.1/thumb/v7-m/nofp/crtn.o
                0x0000000008004b2c                . = ALIGN (0x4)
                0x0000000008004b2c                _etext = .

.vfp11_veneer   0x0000000008004b2c        0x0
 .vfp11_veneer  0x0000000008004b2c        0x0 linker stubs

.v4_bx          0x0000000008004b2c        0x0
 .v4_bx         0x0000000008004b2c        0x0 linker stubs

.iplt           0x0000000008004b2c        0x0
 .iplt          0x0000000008004b2c        0x0 C:/ST/STM32CubeIDE_1.13.2/STM32CubeIDE/plugins/com.st.stm32cube.ide.mcu.externaltools.gnu-tools-for-stm32.11.3.rel1.win32_1.1.1.202309131626/tools/bin/../lib/gcc/arm-none-eabi/11.3.1/thumb/v7-m/nofp/crtbegin.o

.rodata         0x0000000008004b2c       0xf4
                0x0000000008004b2c                . = ALIGN (0x4)
 *(.rodata)
 .rodata        0x0000000008004b2c       0xbd ./Core/Src/main.o
 *fill*         0x0000000008004be9        0x3 
 .rodata        0x0000000008004bec        0x5 ./Middlewares/Third_Party/FreeRTOS/Source/tasks.o
 *(.rodata*)
 *fill*         0x0000000008004bf1        0x3 
 .rodata.AHBPrescTable
                0x0000000008004bf4       0x10 ./Core/Src/system_stm32f1xx.o
                0x0000000008004bf4                AHBPrescTable
 .rodata.APBPrescTable
                0x0000000008004c04        0x8 ./Core/Src/system_stm32f1xx.o
                0x0000000008004c04                APBPrescTable
 .rodata.aPLLMULFactorTable.1
                0x0000000008004c0c       0x10 ./Drivers/STM32F1xx_HAL_Driver/Src/stm32f1xx_hal_rcc.o
 .rodata.aPredivFactorTable.0
                0x0000000008004c1c        0x2 ./Drivers/STM32F1xx_HAL_Driver/Src/stm32f1xx_hal_rcc.o
                0x0000000008004c20                . = ALIGN (0x4)
 *fill*         0x0000000008004c1e        0x2 

.rel.dyn        0x0000000008004c20        0x0
 .rel.iplt      0x0000000008004c20        0x0 C:/ST/STM32CubeIDE_1.13.2/STM32CubeIDE/plugins/com.st.stm32cube.ide.mcu.externaltools.gnu-tools-for-stm32.11.3.rel1.win32_1.1.1.202309131626/tools/bin/../lib/gcc/arm-none-eabi/11.3.1/thumb/v7-m/nofp/crtbegin.o

.ARM.extab      0x0000000008004c20        0x0
                0x0000000008004c20                . = ALIGN (0x4)
 *(.ARM.extab* .gnu.linkonce.armextab.*)
                0x0000000008004c20                . = ALIGN (0x4)

.ARM            0x0000000008004c20        0x0
                0x0000000008004c20                . = ALIGN (0x4)
                0x0000000008004c20                __exidx_start = .
 *(.ARM.exidx*)
                0x0000000008004c20                __exidx_end = .
                0x0000000008004c20                . = ALIGN (0x4)

.preinit_array  0x0000000008004c20        0x0
                0x0000000008004c20                . = ALIGN (0x4)
                0x0000000008004c20                PROVIDE (__preinit_array_start = .)
 *(.preinit_array*)
                0x0000000008004c20                PROVIDE (__preinit_array_end = .)
                0x0000000008004c20                . = ALIGN (0x4)

.init_array     0x0000000008004c20        0x4
                0x0000000008004c20                . = ALIGN (0x4)
                0x0000000008004c20                PROVIDE (__init_array_start = .)
 *(SORT_BY_NAME(.init_array.*))
 *(.init_array*)
 .init_array    0x0000000008004c20        0x4 C:/ST/STM32CubeIDE_1.13.2/STM32CubeIDE/plugins/com.st.stm32cube.ide.mcu.externaltools.gnu-tools-for-stm32.11.3.rel1.win32_1.1.1.202309131626/tools/bin/../lib/gcc/arm-none-eabi/11.3.1/thumb/v7-m/nofp/crtbegin.o
                0x0000000008004c24                PROVIDE (__init_array_end = .)
                0x0000000008004c24                . = ALIGN (0x4)

.fini_array     0x0000000008004c24        0x4
                0x0000000008004c24                . = ALIGN (0x4)
                [!provide]                        PROVIDE (__fini_array_start = .)
 *(SORT_BY_NAME(.fini_array.*))
 *(.fini_array*)
 .fini_array    0x0000000008004c24        0x4 C:/ST/STM32CubeIDE_1.13.2/STM32CubeIDE/plugins/com.st.stm32cube.ide.mcu.externaltools.gnu-tools-for-stm32.11.3.rel1.win32_1.1.1.202309131626/tools/bin/../lib/gcc/arm-none-eabi/11.3.1/thumb/v7-m/nofp/crtbegin.o
                [!provide]                        PROVIDE (__fini_array_end = .)
                0x0000000008004c28                . = ALIGN (0x4)
                0x0000000008004c28                _sidata = LOADADDR (.data)

.data           0x0000000020000000       0x60 load address 0x0000000008004c28
                0x0000000020000000                . = ALIGN (0x4)
                0x0000000020000000                _sdata = .
 *(.data)
 *(.data*)
 .data.SystemCoreClock
                0x0000000020000000        0x4 ./Core/Src/system_stm32f1xx.o
                0x0000000020000000                SystemCoreClock
 .data.uwTickPrio
                0x0000000020000004        0x4 ./Drivers/STM32F1xx_HAL_Driver/Src/stm32f1xx_hal.o
                0x0000000020000004                uwTickPrio
 .data.uwTickFreq
                0x0000000020000008        0x1 ./Drivers/STM32F1xx_HAL_Driver/Src/stm32f1xx_hal.o
                0x0000000020000008                uwTickFreq
 *fill*         0x0000000020000009        0x3 
 .data.uxCriticalNesting
                0x000000002000000c        0x4 ./Middlewares/Third_Party/FreeRTOS/Source/portable/GCC/ARM_CM3/port.o
 .data._impure_data
                0x0000000020000010       0x4c C:/ST/STM32CubeIDE_1.13.2/STM32CubeIDE/plugins/com.st.stm32cube.ide.mcu.externaltools.gnu-tools-for-stm32.11.3.rel1.win32_1.1.1.202309131626/tools/bin/../lib/gcc/arm-none-eabi/11.3.1/../../../../arm-none-eabi/lib/thumb/v7-m/nofp\libc_nano.a(libc_a-impure.o)
                0x0000000020000010                _impure_data
 .data._impure_ptr
                0x000000002000005c        0x4 C:/ST/STM32CubeIDE_1.13.2/STM32CubeIDE/plugins/com.st.stm32cube.ide.mcu.externaltools.gnu-tools-for-stm32.11.3.rel1.win32_1.1.1.202309131626/tools/bin/../lib/gcc/arm-none-eabi/11.3.1/../../../../arm-none-eabi/lib/thumb/v7-m/nofp\libc_nano.a(libc_a-impure.o)
                0x000000002000005c                _impure_ptr
 *(.RamFunc)
 *(.RamFunc*)
                0x0000000020000060                . = ALIGN (0x4)
                0x0000000020000060                _edata = .

.igot.plt       0x0000000020000060        0x0 load address 0x0000000008004c88
 .igot.plt      0x0000000020000060        0x0 C:/ST/STM32CubeIDE_1.13.2/STM32CubeIDE/plugins/com.st.stm32cube.ide.mcu.externaltools.gnu-tools-for-stm32.11.3.rel1.win32_1.1.1.202309131626/tools/bin/../lib/gcc/arm-none-eabi/11.3.1/thumb/v7-m/nofp/crtbegin.o
                0x0000000020000060                . = ALIGN (0x4)

.bss            0x0000000020000060     0x2da8 load address 0x0000000008004c88
                0x0000000020000060                _sbss = .
                0x0000000020000060                __bss_start__ = _sbss
 *(.bss)
 .bss           0x0000000020000060       0x1c C:/ST/STM32CubeIDE_1.13.2/STM32CubeIDE/plugins/com.st.stm32cube.ide.mcu.externaltools.gnu-tools-for-stm32.11.3.rel1.win32_1.1.1.202309131626/tools/bin/../lib/gcc/arm-none-eabi/11.3.1/thumb/v7-m/nofp/crtbegin.o
 *(.bss*)
 .bss.xIdleTaskTCBBuffer
                0x000000002000007c       0xa0 ./Core/Src/freertos.o
 .bss.xIdleStack
                0x000000002000011c      0x200 ./Core/Src/freertos.o
 .bss.serial_str_queue
                0x000000002000031c        0x4 ./Core/Src/main.o
                0x000000002000031c                serial_str_queue
 .bss.serial_tx_wait_sem
                0x0000000020000320        0x4 ./Core/Src/main.o
                0x0000000020000320                serial_tx_wait_sem
 .bss.serial_rx_queue
                0x0000000020000324        0x4 ./Core/Src/main.o
                0x0000000020000324                serial_rx_queue
 .bss.xHigherPriorityTaskWoken.1
                0x0000000020000328        0x4 ./Core/Src/main.o
 .bss.xHigherPriorityTaskWoken.0
                0x000000002000032c        0x4 ./Core/Src/main.o
 .bss.huart1    0x0000000020000330       0x48 ./Core/Src/usart.o
                0x0000000020000330                huart1
 .bss.uwTick    0x0000000020000378        0x4 ./Drivers/STM32F1xx_HAL_Driver/Src/stm32f1xx_hal.o
                0x0000000020000378                uwTick
 .bss.pxCurrentTCB
                0x000000002000037c        0x4 ./Middlewares/Third_Party/FreeRTOS/Source/tasks.o
                0x000000002000037c                pxCurrentTCB
 .bss.pxReadyTasksLists
                0x0000000020000380       0x8c ./Middlewares/Third_Party/FreeRTOS/Source/tasks.o
 .bss.xDelayedTaskList1
                0x000000002000040c       0x14 ./Middlewares/Third_Party/FreeRTOS/Source/tasks.o
 .bss.xDelayedTaskList2
                0x0000000020000420       0x14 ./Middlewares/Third_Party/FreeRTOS/Source/tasks.o
 .bss.pxDelayedTaskList
                0x0000000020000434        0x4 ./Middlewares/Third_Party/FreeRTOS/Source/tasks.o
 .bss.pxOverflowDelayedTaskList
                0x0000000020000438        0x4 ./Middlewares/Third_Party/FreeRTOS/Source/tasks.o
 .bss.xPendingReadyList
                0x000000002000043c       0x14 ./Middlewares/Third_Party/FreeRTOS/Source/tasks.o
 .bss.xTasksWaitingTermination
                0x0000000020000450       0x14 ./Middlewares/Third_Party/FreeRTOS/Source/tasks.o
 .bss.uxDeletedTasksWaitingCleanUp
                0x0000000020000464        0x4 ./Middlewares/Third_Party/FreeRTOS/Source/tasks.o
 .bss.xSuspendedTaskList
                0x0000000020000468       0x14 ./Middlewares/Third_Party/FreeRTOS/Source/tasks.o
 .bss.uxCurrentNumberOfTasks
                0x000000002000047c        0x4 ./Middlewares/Third_Party/FreeRTOS/Source/tasks.o
 .bss.xTickCount
                0x0000000020000480        0x4 ./Middlewares/Third_Party/FreeRTOS/Source/tasks.o
 .bss.uxTopReadyPriority
                0x0000000020000484        0x4 ./Middlewares/Third_Party/FreeRTOS/Source/tasks.o
 .bss.xSchedulerRunning
                0x0000000020000488        0x4 ./Middlewares/Third_Party/FreeRTOS/Source/tasks.o
 .bss.uxPendedTicks
                0x000000002000048c        0x4 ./Middlewares/Third_Party/FreeRTOS/Source/tasks.o
 .bss.xYieldPending
                0x0000000020000490        0x4 ./Middlewares/Third_Party/FreeRTOS/Source/tasks.o
 .bss.xNumOfOverflows
                0x0000000020000494        0x4 ./Middlewares/Third_Party/FreeRTOS/Source/tasks.o
 .bss.uxTaskNumber
                0x0000000020000498        0x4 ./Middlewares/Third_Party/FreeRTOS/Source/tasks.o
 .bss.xNextTaskUnblockTime
                0x000000002000049c        0x4 ./Middlewares/Third_Party/FreeRTOS/Source/tasks.o
 .bss.xIdleTaskHandle
                0x00000000200004a0        0x4 ./Middlewares/Third_Party/FreeRTOS/Source/tasks.o
 .bss.uxSchedulerSuspended
                0x00000000200004a4        0x4 ./Middlewares/Third_Party/FreeRTOS/Source/tasks.o
 .bss.ucMaxSysCallPriority
                0x00000000200004a8        0x1 ./Middlewares/Third_Party/FreeRTOS/Source/portable/GCC/ARM_CM3/port.o
 *fill*         0x00000000200004a9        0x3 
 .bss.ulMaxPRIGROUPValue
                0x00000000200004ac        0x4 ./Middlewares/Third_Party/FreeRTOS/Source/portable/GCC/ARM_CM3/port.o
 .bss.ucHeap    0x00000000200004b0     0x2800 ./Middlewares/Third_Party/FreeRTOS/Source/portable/MemMang/heap_4.o
 .bss.xStart    0x0000000020002cb0        0x8 ./Middlewares/Third_Party/FreeRTOS/Source/portable/MemMang/heap_4.o
 .bss.pxEnd     0x0000000020002cb8        0x4 ./Middlewares/Third_Party/FreeRTOS/Source/portable/MemMang/heap_4.o
 .bss.xFreeBytesRemaining
                0x0000000020002cbc        0x4 ./Middlewares/Third_Party/FreeRTOS/Source/portable/MemMang/heap_4.o
 .bss.xMinimumEverFreeBytesRemaining
                0x0000000020002cc0        0x4 ./Middlewares/Third_Party/FreeRTOS/Source/portable/MemMang/heap_4.o
 .bss.xBlockAllocatedBit
                0x0000000020002cc4        0x4 ./Middlewares/Third_Party/FreeRTOS/Source/portable/MemMang/heap_4.o
 .bss.__sf      0x0000000020002cc8      0x138 C:/ST/STM32CubeIDE_1.13.2/STM32CubeIDE/plugins/com.st.stm32cube.ide.mcu.externaltools.gnu-tools-for-stm32.11.3.rel1.win32_1.1.1.202309131626/tools/bin/../lib/gcc/arm-none-eabi/11.3.1/../../../../arm-none-eabi/lib/thumb/v7-m/nofp\libc_nano.a(libc_a-findfp.o)
                0x0000000020002cc8                __sf
 .bss.__lock___malloc_recursive_mutex
                0x0000000020002e00        0x1 C:/ST/STM32CubeIDE_1.13.2/STM32CubeIDE/plugins/com.st.stm32cube.ide.mcu.externaltools.gnu-tools-for-stm32.11.3.rel1.win32_1.1.1.202309131626/tools/bin/../lib/gcc/arm-none-eabi/11.3.1/../../../../arm-none-eabi/lib/thumb/v7-m/nofp\libc_nano.a(libc_a-lock.o)
                0x0000000020002e00                __lock___malloc_recursive_mutex
 *fill*         0x0000000020002e01        0x3 
 .bss.__malloc_free_list
                0x0000000020002e04        0x4 C:/ST/STM32CubeIDE_1.13.2/STM32CubeIDE/plugins/com.st.stm32cube.ide.mcu.externaltools.gnu-tools-for-stm32.11.3.rel1.win32_1.1.1.202309131626/tools/bin/../lib/gcc/arm-none-eabi/11.3.1/../../../../arm-none-eabi/lib/thumb/v7-m/nofp\libc_nano.a(libc_a-mallocr.o)
                0x0000000020002e04                __malloc_free_list
 *(COMMON)
                0x0000000020002e08                . = ALIGN (0x4)
                0x0000000020002e08                _ebss = .
                0x0000000020002e08                __bss_end__ = _ebss

._user_heap_stack
                0x0000000020002e08      0x600 load address 0x0000000008004c88
                0x0000000020002e08                . = ALIGN (0x8)
                [!provide]                        PROVIDE (end = .)
                0x0000000020002e08                PROVIDE (_end = .)
                0x0000000020003008                . = (. + _Min_Heap_Size)
 *fill*         0x0000000020002e08      0x200 
                0x0000000020003408                . = (. + _Min_Stack_Size)
 *fill*         0x0000000020003008      0x400 
                0x0000000020003408                . = ALIGN (0x8)

/DISCARD/
 libc.a(*)
 libm.a(*)
 libgcc.a(*)

.ARM.attributes
                0x0000000000000000       0x29
 *(.ARM.attributes)
 .ARM.attributes
                0x0000000000000000       0x1d C:/ST/STM32CubeIDE_1.13.2/STM32CubeIDE/plugins/com.st.stm32cube.ide.mcu.externaltools.gnu-tools-for-stm32.11.3.rel1.win32_1.1.1.202309131626/tools/bin/../lib/gcc/arm-none-eabi/11.3.1/thumb/v7-m/nofp/crti.o
 .ARM.attributes
                0x000000000000001d       0x2d C:/ST/STM32CubeIDE_1.13.2/STM32CubeIDE/plugins/com.st.stm32cube.ide.mcu.externaltools.gnu-tools-for-stm32.11.3.rel1.win32_1.1.1.202309131626/tools/bin/../lib/gcc/arm-none-eabi/11.3.1/thumb/v7-m/nofp/crtbegin.o
 .ARM.attributes
                0x000000000000004a       0x2d ./Core/Src/freertos.o
 .ARM.attributes
                0x0000000000000077       0x2d ./Core/Src/gpio.o
 .ARM.attributes
                0x00000000000000a4       0x2d ./Core/Src/main.o
 .ARM.attributes
                0x00000000000000d1       0x2d ./Core/Src/stm32f1xx_hal_msp.o
 .ARM.attributes
                0x00000000000000fe       0x2d ./Core/Src/stm32f1xx_it.o
 .ARM.attributes
                0x000000000000012b       0x2d ./Core/Src/system_stm32f1xx.o
 .ARM.attributes
                0x0000000000000158       0x2d ./Core/Src/usart.o
 .ARM.attributes
                0x0000000000000185       0x21 ./Core/Startup/startup_stm32f103c8tx.o
 .ARM.attributes
                0x00000000000001a6       0x2d ./Drivers/STM32F1xx_HAL_Driver/Src/stm32f1xx_hal.o
 .ARM.attributes
                0x00000000000001d3       0x2d ./Drivers/STM32F1xx_HAL_Driver/Src/stm32f1xx_hal_cortex.o
 .ARM.attributes
                0x0000000000000200       0x2d ./Drivers/STM32F1xx_HAL_Driver/Src/stm32f1xx_hal_dma.o
 .ARM.attributes
                0x000000000000022d       0x2d ./Drivers/STM32F1xx_HAL_Driver/Src/stm32f1xx_hal_gpio.o
 .ARM.attributes
                0x000000000000025a       0x2d ./Drivers/STM32F1xx_HAL_Driver/Src/stm32f1xx_hal_rcc.o
 .ARM.attributes
                0x0000000000000287       0x2d ./Drivers/STM32F1xx_HAL_Driver/Src/stm32f1xx_hal_uart.o
 .ARM.attributes
                0x00000000000002b4       0x2d ./Middlewares/Third_Party/FreeRTOS/Source/list.o
 .ARM.attributes
                0x00000000000002e1       0x2d ./Middlewares/Third_Party/FreeRTOS/Source/queue.o
 .ARM.attributes
                0x000000000000030e       0x2d ./Middlewares/Third_Party/FreeRTOS/Source/tasks.o
 .ARM.attributes
                0x000000000000033b       0x2d ./Middlewares/Third_Party/FreeRTOS/Source/portable/GCC/ARM_CM3/port.o
 .ARM.attributes
                0x0000000000000368       0x2d ./Middlewares/Third_Party/FreeRTOS/Source/portable/MemMang/heap_4.o
 .ARM.attributes
                0x0000000000000395       0x2d C:/ST/STM32CubeIDE_1.13.2/STM32CubeIDE/plugins/com.st.stm32cube.ide.mcu.externaltools.gnu-tools-for-stm32.11.3.rel1.win32_1.1.1.202309131626/tools/bin/../lib/gcc/arm-none-eabi/11.3.1/../../../../arm-none-eabi/lib/thumb/v7-m/nofp\libc_nano.a(libc_a-findfp.o)
 .ARM.attributes
                0x00000000000003c2       0x2d C:/ST/STM32CubeIDE_1.13.2/STM32CubeIDE/plugins/com.st.stm32cube.ide.mcu.externaltools.gnu-tools-for-stm32.11.3.rel1.win32_1.1.1.202309131626/tools/bin/../lib/gcc/arm-none-eabi/11.3.1/../../../../arm-none-eabi/lib/thumb/v7-m/nofp\libc_nano.a(libc_a-memset.o)
 .ARM.attributes
                0x00000000000003ef       0x2d C:/ST/STM32CubeIDE_1.13.2/STM32CubeIDE/plugins/com.st.stm32cube.ide.mcu.externaltools.gnu-tools-for-stm32.11.3.rel1.win32_1.1.1.202309131626/tools/bin/../lib/gcc/arm-none-eabi/11.3.1/../../../../arm-none-eabi/lib/thumb/v7-m/nofp\libc_nano.a(libc_a-reent.o)
 .ARM.attributes
                0x000000000000041c       0x2d C:/ST/STM32CubeIDE_1.13.2/STM32CubeIDE/plugins/com.st.stm32cube.ide.mcu.externaltools.gnu-tools-for-stm32.11.3.rel1.win32_1.1.1.202309131626/tools/bin/../lib/gcc/arm-none-eabi/11.3.1/../../../../arm-none-eabi/lib/thumb/v7-m/nofp\libc_nano.a(libc_a-impure.o)
 .ARM.attributes
                0x0000000000000449       0x2d C:/ST/STM32CubeIDE_1.13.2/STM32CubeIDE/plugins/com.st.stm32cube.ide.mcu.externaltools.gnu-tools-for-stm32.11.3.rel1.win32_1.1.1.202309131626/tools/bin/../lib/gcc/arm-none-eabi/11.3.1/../../../../arm-none-eabi/lib/thumb/v7-m/nofp\libc_nano.a(libc_a-init.o)
 .ARM.attributes
                0x0000000000000476       0x2d C:/ST/STM32CubeIDE_1.13.2/STM32CubeIDE/plugins/com.st.stm32cube.ide.mcu.externaltools.gnu-tools-for-stm32.11.3.rel1.win32_1.1.1.202309131626/tools/bin/../lib/gcc/arm-none-eabi/11.3.1/../../../../arm-none-eabi/lib/thumb/v7-m/nofp\libc_nano.a(libc_a-lock.o)
 .ARM.attributes
                0x00000000000004a3       0x2d C:/ST/STM32CubeIDE_1.13.2/STM32CubeIDE/plugins/com.st.stm32cube.ide.mcu.externaltools.gnu-tools-for-stm32.11.3.rel1.win32_1.1.1.202309131626/tools/bin/../lib/gcc/arm-none-eabi/11.3.1/../../../../arm-none-eabi/lib/thumb/v7-m/nofp\libc_nano.a(libc_a-strcpy.o)
 .ARM.attributes
                0x00000000000004d0       0x2d C:/ST/STM32CubeIDE_1.13.2/STM32CubeIDE/plugins/com.st.stm32cube.ide.mcu.externaltools.gnu-tools-for-stm32.11.3.rel1.win32_1.1.1.202309131626/tools/bin/../lib/gcc/arm-none-eabi/11.3.1/../../../../arm-none-eabi/lib/thumb/v7-m/nofp\libc_nano.a(libc_a-memcpy-stub.o)
 .ARM.attributes
                0x00000000000004fd       0x2d C:/ST/STM32CubeIDE_1.13.2/STM32CubeIDE/plugins/com.st.stm32cube.ide.mcu.externaltools.gnu-tools-for-stm32.11.3.rel1.win32_1.1.1.202309131626/tools/bin/../lib/gcc/arm-none-eabi/11.3.1/../../../../arm-none-eabi/lib/thumb/v7-m/nofp\libc_nano.a(libc_a-freer.o)
 .ARM.attributes
                0x000000000000052a       0x2d C:/ST/STM32CubeIDE_1.13.2/STM32CubeIDE/plugins/com.st.stm32cube.ide.mcu.externaltools.gnu-tools-for-stm32.11.3.rel1.win32_1.1.1.202309131626/tools/bin/../lib/gcc/arm-none-eabi/11.3.1/../../../../arm-none-eabi/lib/thumb/v7-m/nofp\libc_nano.a(libc_a-mallocr.o)
 .ARM.attributes
                0x0000000000000557       0x2d C:/ST/STM32CubeIDE_1.13.2/STM32CubeIDE/plugins/com.st.stm32cube.ide.mcu.externaltools.gnu-tools-for-stm32.11.3.rel1.win32_1.1.1.202309131626/tools/bin/../lib/gcc/arm-none-eabi/11.3.1/../../../../arm-none-eabi/lib/thumb/v7-m/nofp\libc_nano.a(libc_a-mlock.o)
 .ARM.attributes
                0x0000000000000584       0x1d C:/ST/STM32CubeIDE_1.13.2/STM32CubeIDE/plugins/com.st.stm32cube.ide.mcu.externaltools.gnu-tools-for-stm32.11.3.rel1.win32_1.1.1.202309131626/tools/bin/../lib/gcc/arm-none-eabi/11.3.1/thumb/v7-m/nofp/crtn.o
OUTPUT(freertos_multithread_queue.elf elf32-littlearm)
LOAD linker stubs
LOAD C:/ST/STM32CubeIDE_1.13.2/STM32CubeIDE/plugins/com.st.stm32cube.ide.mcu.externaltools.gnu-tools-for-stm32.11.3.rel1.win32_1.1.1.202309131626/tools/bin/../lib/gcc/arm-none-eabi/11.3.1/../../../../arm-none-eabi/lib/thumb/v7-m/nofp\libc.a
LOAD C:/ST/STM32CubeIDE_1.13.2/STM32CubeIDE/plugins/com.st.stm32cube.ide.mcu.externaltools.gnu-tools-for-stm32.11.3.rel1.win32_1.1.1.202309131626/tools/bin/../lib/gcc/arm-none-eabi/11.3.1/../../../../arm-none-eabi/lib/thumb/v7-m/nofp\libm.a
LOAD C:/ST/STM32CubeIDE_1.13.2/STM32CubeIDE/plugins/com.st.stm32cube.ide.mcu.externaltools.gnu-tools-for-stm32.11.3.rel1.win32_1.1.1.202309131626/tools/bin/../lib/gcc/arm-none-eabi/11.3.1/thumb/v7-m/nofp\libgcc.a

.comment        0x0000000000000000       0x43
 .comment       0x0000000000000000       0x43 C:/ST/STM32CubeIDE_1.13.2/STM32CubeIDE/plugins/com.st.stm32cube.ide.mcu.externaltools.gnu-tools-for-stm32.11.3.rel1.win32_1.1.1.202309131626/tools/bin/../lib/gcc/arm-none-eabi/11.3.1/thumb/v7-m/nofp/crtbegin.o
                                         0x44 (size before relaxing)
 .comment       0x0000000000000043       0x44 ./Core/Src/freertos.o
 .comment       0x0000000000000043       0x44 ./Core/Src/gpio.o
 .comment       0x0000000000000043       0x44 ./Core/Src/main.o
 .comment       0x0000000000000043       0x44 ./Core/Src/stm32f1xx_hal_msp.o
 .comment       0x0000000000000043       0x44 ./Core/Src/stm32f1xx_it.o
 .comment       0x0000000000000043       0x44 ./Core/Src/system_stm32f1xx.o
 .comment       0x0000000000000043       0x44 ./Core/Src/usart.o
 .comment       0x0000000000000043       0x44 ./Drivers/STM32F1xx_HAL_Driver/Src/stm32f1xx_hal.o
 .comment       0x0000000000000043       0x44 ./Drivers/STM32F1xx_HAL_Driver/Src/stm32f1xx_hal_cortex.o
 .comment       0x0000000000000043       0x44 ./Drivers/STM32F1xx_HAL_Driver/Src/stm32f1xx_hal_dma.o
 .comment       0x0000000000000043       0x44 ./Drivers/STM32F1xx_HAL_Driver/Src/stm32f1xx_hal_gpio.o
 .comment       0x0000000000000043       0x44 ./Drivers/STM32F1xx_HAL_Driver/Src/stm32f1xx_hal_rcc.o
 .comment       0x0000000000000043       0x44 ./Drivers/STM32F1xx_HAL_Driver/Src/stm32f1xx_hal_uart.o
 .comment       0x0000000000000043       0x44 ./Middlewares/Third_Party/FreeRTOS/Source/list.o
 .comment       0x0000000000000043       0x44 ./Middlewares/Third_Party/FreeRTOS/Source/queue.o
 .comment       0x0000000000000043       0x44 ./Middlewares/Third_Party/FreeRTOS/Source/tasks.o
 .comment       0x0000000000000043       0x44 ./Middlewares/Third_Party/FreeRTOS/Source/portable/GCC/ARM_CM3/port.o
 .comment       0x0000000000000043       0x44 ./Middlewares/Third_Party/FreeRTOS/Source/portable/MemMang/heap_4.o

.debug_info     0x0000000000000000     0xc846
 .debug_info    0x0000000000000000      0x99f ./Core/Src/freertos.o
 .debug_info    0x000000000000099f      0x29b ./Core/Src/gpio.o
 .debug_info    0x0000000000000c3a      0xcba ./Core/Src/main.o
 .debug_info    0x00000000000018f4      0x361 ./Core/Src/stm32f1xx_hal_msp.o
 .debug_info    0x0000000000001c55      0x5f3 ./Core/Src/stm32f1xx_it.o
 .debug_info    0x0000000000002248      0x222 ./Core/Src/system_stm32f1xx.o
 .debug_info    0x000000000000246a      0x92a ./Core/Src/usart.o
 .debug_info    0x0000000000002d94       0x23 ./Core/Startup/startup_stm32f103c8tx.o
 .debug_info    0x0000000000002db7      0x704 ./Drivers/STM32F1xx_HAL_Driver/Src/stm32f1xx_hal.o
 .debug_info    0x00000000000034bb      0xa87 ./Drivers/STM32F1xx_HAL_Driver/Src/stm32f1xx_hal_cortex.o
 .debug_info    0x0000000000003f42      0x6d2 ./Drivers/STM32F1xx_HAL_Driver/Src/stm32f1xx_hal_dma.o
 .debug_info    0x0000000000004614      0x5ab ./Drivers/STM32F1xx_HAL_Driver/Src/stm32f1xx_hal_gpio.o
 .debug_info    0x0000000000004bbf      0x7d5 ./Drivers/STM32F1xx_HAL_Driver/Src/stm32f1xx_hal_rcc.o
 .debug_info    0x0000000000005394     0x2fa8 ./Drivers/STM32F1xx_HAL_Driver/Src/stm32f1xx_hal_uart.o
 .debug_info    0x000000000000833c      0x2aa ./Middlewares/Third_Party/FreeRTOS/Source/list.o
 .debug_info    0x00000000000085e6     0x1722 ./Middlewares/Third_Party/FreeRTOS/Source/queue.o
 .debug_info    0x0000000000009d08     0x22cd ./Middlewares/Third_Party/FreeRTOS/Source/tasks.o
 .debug_info    0x000000000000bfd5      0x494 ./Middlewares/Third_Party/FreeRTOS/Source/portable/GCC/ARM_CM3/port.o
 .debug_info    0x000000000000c469      0x3dd ./Middlewares/Third_Party/FreeRTOS/Source/portable/MemMang/heap_4.o

.debug_abbrev   0x0000000000000000     0x278c
 .debug_abbrev  0x0000000000000000      0x196 ./Core/Src/freertos.o
 .debug_abbrev  0x0000000000000196      0x13f ./Core/Src/gpio.o
 .debug_abbrev  0x00000000000002d5      0x321 ./Core/Src/main.o
 .debug_abbrev  0x00000000000005f6      0x11c ./Core/Src/stm32f1xx_hal_msp.o
 .debug_abbrev  0x0000000000000712      0x19e ./Core/Src/stm32f1xx_it.o
 .debug_abbrev  0x00000000000008b0      0x13f ./Core/Src/system_stm32f1xx.o
 .debug_abbrev  0x00000000000009ef      0x205 ./Core/Src/usart.o
 .debug_abbrev  0x0000000000000bf4       0x12 ./Core/Startup/startup_stm32f103c8tx.o
 .debug_abbrev  0x0000000000000c06      0x201 ./Drivers/STM32F1xx_HAL_Driver/Src/stm32f1xx_hal.o
 .debug_abbrev  0x0000000000000e07      0x2f8 ./Drivers/STM32F1xx_HAL_Driver/Src/stm32f1xx_hal_cortex.o
 .debug_abbrev  0x00000000000010ff      0x20b ./Drivers/STM32F1xx_HAL_Driver/Src/stm32f1xx_hal_dma.o
 .debug_abbrev  0x000000000000130a      0x1ca ./Drivers/STM32F1xx_HAL_Driver/Src/stm32f1xx_hal_gpio.o
 .debug_abbrev  0x00000000000014d4      0x2b3 ./Drivers/STM32F1xx_HAL_Driver/Src/stm32f1xx_hal_rcc.o
 .debug_abbrev  0x0000000000001787      0x2f8 ./Drivers/STM32F1xx_HAL_Driver/Src/stm32f1xx_hal_uart.o
 .debug_abbrev  0x0000000000001a7f       0xf5 ./Middlewares/Third_Party/FreeRTOS/Source/list.o
 .debug_abbrev  0x0000000000001b74      0x3cd ./Middlewares/Third_Party/FreeRTOS/Source/queue.o
 .debug_abbrev  0x0000000000001f41      0x3ce ./Middlewares/Third_Party/FreeRTOS/Source/tasks.o
 .debug_abbrev  0x000000000000230f      0x258 ./Middlewares/Third_Party/FreeRTOS/Source/portable/GCC/ARM_CM3/port.o
 .debug_abbrev  0x0000000000002567      0x225 ./Middlewares/Third_Party/FreeRTOS/Source/portable/MemMang/heap_4.o

.debug_aranges  0x0000000000000000      0xad0
 .debug_aranges
                0x0000000000000000       0x30 ./Core/Src/freertos.o
 .debug_aranges
                0x0000000000000030       0x20 ./Core/Src/gpio.o
 .debug_aranges
                0x0000000000000050       0x80 ./Core/Src/main.o
 .debug_aranges
                0x00000000000000d0       0x20 ./Core/Src/stm32f1xx_hal_msp.o
 .debug_aranges
                0x00000000000000f0       0x58 ./Core/Src/stm32f1xx_it.o
 .debug_aranges
                0x0000000000000148       0x28 ./Core/Src/system_stm32f1xx.o
 .debug_aranges
                0x0000000000000170       0x30 ./Core/Src/usart.o
 .debug_aranges
                0x00000000000001a0       0x28 ./Core/Startup/startup_stm32f103c8tx.o
 .debug_aranges
                0x00000000000001c8       0xe0 ./Drivers/STM32F1xx_HAL_Driver/Src/stm32f1xx_hal.o
 .debug_aranges
                0x00000000000002a8      0x100 ./Drivers/STM32F1xx_HAL_Driver/Src/stm32f1xx_hal_cortex.o
 .debug_aranges
                0x00000000000003a8       0x80 ./Drivers/STM32F1xx_HAL_Driver/Src/stm32f1xx_hal_dma.o
 .debug_aranges
                0x0000000000000428       0x58 ./Drivers/STM32F1xx_HAL_Driver/Src/stm32f1xx_hal_gpio.o
 .debug_aranges
                0x0000000000000480       0x90 ./Drivers/STM32F1xx_HAL_Driver/Src/stm32f1xx_hal_rcc.o
 .debug_aranges
                0x0000000000000510      0x208 ./Drivers/STM32F1xx_HAL_Driver/Src/stm32f1xx_hal_uart.o
 .debug_aranges
                0x0000000000000718       0x40 ./Middlewares/Third_Party/FreeRTOS/Source/list.o
 .debug_aranges
                0x0000000000000758      0x108 ./Middlewares/Third_Party/FreeRTOS/Source/queue.o
 .debug_aranges
                0x0000000000000860      0x1a8 ./Middlewares/Third_Party/FreeRTOS/Source/tasks.o
 .debug_aranges
                0x0000000000000a08       0x78 ./Middlewares/Third_Party/FreeRTOS/Source/portable/GCC/ARM_CM3/port.o
 .debug_aranges
                0x0000000000000a80       0x50 ./Middlewares/Third_Party/FreeRTOS/Source/portable/MemMang/heap_4.o

.debug_rnglists
                0x0000000000000000      0x838
 .debug_rnglists
                0x0000000000000000       0x1f ./Core/Src/freertos.o
 .debug_rnglists
                0x000000000000001f       0x14 ./Core/Src/gpio.o
 .debug_rnglists
                0x0000000000000033       0x5d ./Core/Src/main.o
 .debug_rnglists
                0x0000000000000090       0x13 ./Core/Src/stm32f1xx_hal_msp.o
 .debug_rnglists
                0x00000000000000a3       0x3d ./Core/Src/stm32f1xx_it.o
 .debug_rnglists
                0x00000000000000e0       0x1a ./Core/Src/system_stm32f1xx.o
 .debug_rnglists
                0x00000000000000fa       0x20 ./Core/Src/usart.o
 .debug_rnglists
                0x000000000000011a       0x19 ./Core/Startup/startup_stm32f103c8tx.o
 .debug_rnglists
                0x0000000000000133       0xa3 ./Drivers/STM32F1xx_HAL_Driver/Src/stm32f1xx_hal.o
 .debug_rnglists
                0x00000000000001d6       0xbb ./Drivers/STM32F1xx_HAL_Driver/Src/stm32f1xx_hal_cortex.o
 .debug_rnglists
                0x0000000000000291       0x64 ./Drivers/STM32F1xx_HAL_Driver/Src/stm32f1xx_hal_dma.o
 .debug_rnglists
                0x00000000000002f5       0x3f ./Drivers/STM32F1xx_HAL_Driver/Src/stm32f1xx_hal_gpio.o
 .debug_rnglists
                0x0000000000000334       0x6c ./Drivers/STM32F1xx_HAL_Driver/Src/stm32f1xx_hal_rcc.o
 .debug_rnglists
                0x00000000000003a0      0x1bc ./Drivers/STM32F1xx_HAL_Driver/Src/stm32f1xx_hal_uart.o
 .debug_rnglists
                0x000000000000055c       0x2b ./Middlewares/Third_Party/FreeRTOS/Source/list.o
 .debug_rnglists
                0x0000000000000587       0xcd ./Middlewares/Third_Party/FreeRTOS/Source/queue.o
 .debug_rnglists
                0x0000000000000654      0x153 ./Middlewares/Third_Party/FreeRTOS/Source/tasks.o
 .debug_rnglists
                0x00000000000007a7       0x56 ./Middlewares/Third_Party/FreeRTOS/Source/portable/GCC/ARM_CM3/port.o
 .debug_rnglists
                0x00000000000007fd       0x3b ./Middlewares/Third_Party/FreeRTOS/Source/portable/MemMang/heap_4.o

.debug_macro    0x0000000000000000    0x186b3
 .debug_macro   0x0000000000000000      0x2e8 ./Core/Src/freertos.o
 .debug_macro   0x00000000000002e8      0xa9c ./Core/Src/freertos.o
 .debug_macro   0x0000000000000d84      0x174 ./Core/Src/freertos.o
 .debug_macro   0x0000000000000ef8       0x22 ./Core/Src/freertos.o
 .debug_macro   0x0000000000000f1a       0x8e ./Core/Src/freertos.o
 .debug_macro   0x0000000000000fa8       0x51 ./Core/Src/freertos.o
 .debug_macro   0x0000000000000ff9      0x103 ./Core/Src/freertos.o
 .debug_macro   0x00000000000010fc       0x6a ./Core/Src/freertos.o
 .debug_macro   0x0000000000001166      0x1df ./Core/Src/freertos.o
 .debug_macro   0x0000000000001345       0xd6 ./Core/Src/freertos.o
 .debug_macro   0x000000000000141b      0x15a ./Core/Src/freertos.o
 .debug_macro   0x0000000000001575       0xd7 ./Core/Src/freertos.o
 .debug_macro   0x000000000000164c       0x10 ./Core/Src/freertos.o
 .debug_macro   0x000000000000165c       0x1f ./Core/Src/freertos.o
 .debug_macro   0x000000000000167b       0x61 ./Core/Src/freertos.o
 .debug_macro   0x00000000000016dc       0x24 ./Core/Src/freertos.o
 .debug_macro   0x0000000000001700       0x43 ./Core/Src/freertos.o
 .debug_macro   0x0000000000001743       0x34 ./Core/Src/freertos.o
 .debug_macro   0x0000000000001777       0x16 ./Core/Src/freertos.o
 .debug_macro   0x000000000000178d       0x43 ./Core/Src/freertos.o
 .debug_macro   0x00000000000017d0       0x34 ./Core/Src/freertos.o
 .debug_macro   0x0000000000001804       0x10 ./Core/Src/freertos.o
 .debug_macro   0x0000000000001814       0x58 ./Core/Src/freertos.o
 .debug_macro   0x000000000000186c       0x8e ./Core/Src/freertos.o
 .debug_macro   0x00000000000018fa       0x1c ./Core/Src/freertos.o
 .debug_macro   0x0000000000001916      0x177 ./Core/Src/freertos.o
 .debug_macro   0x0000000000001a8d       0x10 ./Core/Src/freertos.o
 .debug_macro   0x0000000000001a9d       0x35 ./Core/Src/freertos.o
 .debug_macro   0x0000000000001ad2      0x4b1 ./Core/Src/freertos.o
 .debug_macro   0x0000000000001f83       0xb5 ./Core/Src/freertos.o
 .debug_macro   0x0000000000002038       0x8c ./Core/Src/freertos.o
 .debug_macro   0x00000000000020c4      0x215 ./Core/Src/freertos.o
 .debug_macro   0x00000000000022d9       0x2e ./Core/Src/freertos.o
 .debug_macro   0x0000000000002307       0x22 ./Core/Src/freertos.o
 .debug_macro   0x0000000000002329       0x1c ./Core/Src/freertos.o
 .debug_macro   0x0000000000002345       0x22 ./Core/Src/freertos.o
 .debug_macro   0x0000000000002367       0xbd ./Core/Src/freertos.o
 .debug_macro   0x0000000000002424      0xd23 ./Core/Src/freertos.o
 .debug_macro   0x0000000000003147     0xe09e ./Core/Src/freertos.o
 .debug_macro   0x00000000000111e5       0x6d ./Core/Src/freertos.o
 .debug_macro   0x0000000000011252     0x348d ./Core/Src/freertos.o
 .debug_macro   0x00000000000146df       0x5c ./Core/Src/freertos.o
 .debug_macro   0x000000000001473b      0x5bc ./Core/Src/freertos.o
 .debug_macro   0x0000000000014cf7      0x289 ./Core/Src/freertos.o
 .debug_macro   0x0000000000014f80      0x1cb ./Core/Src/freertos.o
 .debug_macro   0x000000000001514b      0x114 ./Core/Src/freertos.o
 .debug_macro   0x000000000001525f      0x1b2 ./Core/Src/freertos.o
 .debug_macro   0x0000000000015411       0x27 ./Core/Src/freertos.o
 .debug_macro   0x0000000000015438      0x136 ./Core/Src/freertos.o
 .debug_macro   0x000000000001556e      0x1bc ./Core/Src/freertos.o
 .debug_macro   0x000000000001572a       0x34 ./Core/Src/freertos.o
 .debug_macro   0x000000000001575e       0x3c ./Core/Src/freertos.o
 .debug_macro   0x000000000001579a       0x57 ./Core/Src/freertos.o
 .debug_macro   0x00000000000157f1       0x87 ./Core/Src/freertos.o
 .debug_macro   0x0000000000015878      0x240 ./Core/Src/freertos.o
 .debug_macro   0x0000000000015ab8      0x140 ./Core/Src/freertos.o
 .debug_macro   0x0000000000015bf8      0x28e ./Core/Src/freertos.o
 .debug_macro   0x0000000000015e86       0x83 ./Core/Src/freertos.o
 .debug_macro   0x0000000000015f09       0x91 ./Core/Src/freertos.o
 .debug_macro   0x0000000000015f9a       0x8d ./Core/Src/freertos.o
 .debug_macro   0x0000000000016027       0x7e ./Core/Src/freertos.o
 .debug_macro   0x00000000000160a5       0x19 ./Core/Src/freertos.o
 .debug_macro   0x00000000000160be       0xf2 ./Core/Src/freertos.o
 .debug_macro   0x00000000000161b0      0x1a2 ./Core/Src/gpio.o
 .debug_macro   0x0000000000016352      0x349 ./Core/Src/main.o
 .debug_macro   0x000000000001669b       0xd6 ./Core/Src/main.o
 .debug_macro   0x0000000000016771      0x369 ./Core/Src/main.o
 .debug_macro   0x0000000000016ada       0x10 ./Core/Src/main.o
 .debug_macro   0x0000000000016aea       0x20 ./Core/Src/main.o
 .debug_macro   0x0000000000016b0a      0x198 ./Core/Src/stm32f1xx_hal_msp.o
 .debug_macro   0x0000000000016ca2      0x2a7 ./Core/Src/stm32f1xx_it.o
 .debug_macro   0x0000000000016f49      0x18e ./Core/Src/system_stm32f1xx.o
 .debug_macro   0x00000000000170d7      0x1a2 ./Core/Src/usart.o
 .debug_macro   0x0000000000017279      0x1b2 ./Drivers/STM32F1xx_HAL_Driver/Src/stm32f1xx_hal.o
 .debug_macro   0x000000000001742b      0x18e ./Drivers/STM32F1xx_HAL_Driver/Src/stm32f1xx_hal_cortex.o
 .debug_macro   0x00000000000175b9      0x18e ./Drivers/STM32F1xx_HAL_Driver/Src/stm32f1xx_hal_dma.o
 .debug_macro   0x0000000000017747      0x1f9 ./Drivers/STM32F1xx_HAL_Driver/Src/stm32f1xx_hal_gpio.o
 .debug_macro   0x0000000000017940      0x1a0 ./Drivers/STM32F1xx_HAL_Driver/Src/stm32f1xx_hal_rcc.o
 .debug_macro   0x0000000000017ae0      0x18f ./Drivers/STM32F1xx_HAL_Driver/Src/stm32f1xx_hal_uart.o
 .debug_macro   0x0000000000017c6f      0x199 ./Middlewares/Third_Party/FreeRTOS/Source/list.o
 .debug_macro   0x0000000000017e08      0x224 ./Middlewares/Third_Party/FreeRTOS/Source/queue.o
 .debug_macro   0x000000000001802c       0x16 ./Middlewares/Third_Party/FreeRTOS/Source/queue.o
 .debug_macro   0x0000000000018042      0x292 ./Middlewares/Third_Party/FreeRTOS/Source/tasks.o
 .debug_macro   0x00000000000182d4       0x10 ./Middlewares/Third_Party/FreeRTOS/Source/tasks.o
 .debug_macro   0x00000000000182e4      0x20f ./Middlewares/Third_Party/FreeRTOS/Source/portable/GCC/ARM_CM3/port.o
 .debug_macro   0x00000000000184f3      0x1c0 ./Middlewares/Third_Party/FreeRTOS/Source/portable/MemMang/heap_4.o

.debug_line     0x0000000000000000     0xe769
 .debug_line    0x0000000000000000      0x9a8 ./Core/Src/freertos.o
 .debug_line    0x00000000000009a8      0x6d9 ./Core/Src/gpio.o
 .debug_line    0x0000000000001081      0xbfe ./Core/Src/main.o
 .debug_line    0x0000000000001c7f      0x6ce ./Core/Src/stm32f1xx_hal_msp.o
 .debug_line    0x000000000000234d      0x9ba ./Core/Src/stm32f1xx_it.o
 .debug_line    0x0000000000002d07      0x74a ./Core/Src/system_stm32f1xx.o
 .debug_line    0x0000000000003451      0x73e ./Core/Src/usart.o
 .debug_line    0x0000000000003b8f       0x78 ./Core/Startup/startup_stm32f103c8tx.o
 .debug_line    0x0000000000003c07      0x977 ./Drivers/STM32F1xx_HAL_Driver/Src/stm32f1xx_hal.o
 .debug_line    0x000000000000457e      0xb5f ./Drivers/STM32F1xx_HAL_Driver/Src/stm32f1xx_hal_cortex.o
 .debug_line    0x00000000000050dd      0xdd0 ./Drivers/STM32F1xx_HAL_Driver/Src/stm32f1xx_hal_dma.o
 .debug_line    0x0000000000005ead      0xa10 ./Drivers/STM32F1xx_HAL_Driver/Src/stm32f1xx_hal_gpio.o
 .debug_line    0x00000000000068bd      0xd80 ./Drivers/STM32F1xx_HAL_Driver/Src/stm32f1xx_hal_rcc.o
 .debug_line    0x000000000000763d     0x28a5 ./Drivers/STM32F1xx_HAL_Driver/Src/stm32f1xx_hal_uart.o
 .debug_line    0x0000000000009ee2      0x796 ./Middlewares/Third_Party/FreeRTOS/Source/list.o
 .debug_line    0x000000000000a678     0x1513 ./Middlewares/Third_Party/FreeRTOS/Source/queue.o
 .debug_line    0x000000000000bb8b     0x1983 ./Middlewares/Third_Party/FreeRTOS/Source/tasks.o
 .debug_line    0x000000000000d50e      0x8fd ./Middlewares/Third_Party/FreeRTOS/Source/portable/GCC/ARM_CM3/port.o
 .debug_line    0x000000000000de0b      0x95e ./Middlewares/Third_Party/FreeRTOS/Source/portable/MemMang/heap_4.o

.debug_str      0x0000000000000000    0x89d2c
 .debug_str     0x0000000000000000    0x84063 ./Core/Src/freertos.o
                                      0x84421 (size before relaxing)
 .debug_str     0x0000000000084063       0xff ./Core/Src/gpio.o
                                      0x7c94b (size before relaxing)
 .debug_str     0x0000000000084162     0x1d87 ./Core/Src/main.o
                                      0x85da6 (size before relaxing)
 .debug_str     0x0000000000085ee9      0x2dd ./Core/Src/stm32f1xx_hal_msp.o
                                      0x7cbc7 (size before relaxing)
 .debug_str     0x00000000000861c6       0xff ./Core/Src/stm32f1xx_it.o
                                      0x82283 (size before relaxing)
 .debug_str     0x00000000000862c5       0x7e ./Core/Src/system_stm32f1xx.o
                                      0x7c8fe (size before relaxing)
 .debug_str     0x0000000000086343       0x88 ./Core/Src/usart.o
                                      0x7d0ae (size before relaxing)
 .debug_str     0x00000000000863cb       0x34 ./Core/Startup/startup_stm32f103c8tx.o
                                         0xaa (size before relaxing)
 .debug_str     0x00000000000863ff      0x38e ./Drivers/STM32F1xx_HAL_Driver/Src/stm32f1xx_hal.o
                                      0x7d031 (size before relaxing)
 .debug_str     0x000000000008678d      0x294 ./Drivers/STM32F1xx_HAL_Driver/Src/stm32f1xx_hal_cortex.o
                                      0x7cf7d (size before relaxing)
 .debug_str     0x0000000000086a21      0x23a ./Drivers/STM32F1xx_HAL_Driver/Src/stm32f1xx_hal_dma.o
                                      0x7cca7 (size before relaxing)
 .debug_str     0x0000000000086c5b      0x2ce ./Drivers/STM32F1xx_HAL_Driver/Src/stm32f1xx_hal_gpio.o
                                      0x7cc84 (size before relaxing)
 .debug_str     0x0000000000086f29      0x229 ./Drivers/STM32F1xx_HAL_Driver/Src/stm32f1xx_hal_rcc.o
                                      0x7cd2d (size before relaxing)
 .debug_str     0x0000000000087152      0x5af ./Drivers/STM32F1xx_HAL_Driver/Src/stm32f1xx_hal_uart.o
                                      0x7d39e (size before relaxing)
 .debug_str     0x0000000000087701      0x21b ./Middlewares/Third_Party/FreeRTOS/Source/list.o
                                       0xa757 (size before relaxing)
 .debug_str     0x000000000008791c      0x9ab ./Middlewares/Third_Party/FreeRTOS/Source/queue.o
                                       0xbfa5 (size before relaxing)
 .debug_str     0x00000000000882c7     0x11b4 ./Middlewares/Third_Party/FreeRTOS/Source/tasks.o
                                       0xce51 (size before relaxing)
 .debug_str     0x000000000008947b      0x66e ./Middlewares/Third_Party/FreeRTOS/Source/portable/GCC/ARM_CM3/port.o
                                       0x9d2a (size before relaxing)
 .debug_str     0x0000000000089ae9      0x243 ./Middlewares/Third_Party/FreeRTOS/Source/portable/MemMang/heap_4.o
                                       0xaec1 (size before relaxing)

.debug_frame    0x0000000000000000     0x2cf8
 .debug_frame   0x0000000000000000       0x88 ./Core/Src/freertos.o
 .debug_frame   0x0000000000000088       0x34 ./Core/Src/gpio.o
 .debug_frame   0x00000000000000bc      0x1c4 ./Core/Src/main.o
 .debug_frame   0x0000000000000280       0x34 ./Core/Src/stm32f1xx_hal_msp.o
 .debug_frame   0x00000000000002b4       0xe0 ./Core/Src/stm32f1xx_it.o
 .debug_frame   0x0000000000000394       0x58 ./Core/Src/system_stm32f1xx.o
 .debug_frame   0x00000000000003ec       0x74 ./Core/Src/usart.o
 .debug_frame   0x0000000000000460      0x334 ./Drivers/STM32F1xx_HAL_Driver/Src/stm32f1xx_hal.o
 .debug_frame   0x0000000000000794      0x428 ./Drivers/STM32F1xx_HAL_Driver/Src/stm32f1xx_hal_cortex.o
 .debug_frame   0x0000000000000bbc      0x208 ./Drivers/STM32F1xx_HAL_Driver/Src/stm32f1xx_hal_dma.o
 .debug_frame   0x0000000000000dc4      0x14c ./Drivers/STM32F1xx_HAL_Driver/Src/stm32f1xx_hal_gpio.o
 .debug_frame   0x0000000000000f10      0x218 ./Drivers/STM32F1xx_HAL_Driver/Src/stm32f1xx_hal_rcc.o
 .debug_frame   0x0000000000001128      0x944 ./Drivers/STM32F1xx_HAL_Driver/Src/stm32f1xx_hal_uart.o
 .debug_frame   0x0000000000001a6c       0xd8 ./Middlewares/Third_Party/FreeRTOS/Source/list.o
 .debug_frame   0x0000000000001b44      0x46c ./Middlewares/Third_Party/FreeRTOS/Source/queue.o
 .debug_frame   0x0000000000001fb0      0x730 ./Middlewares/Third_Party/FreeRTOS/Source/tasks.o
 .debug_frame   0x00000000000026e0      0x198 ./Middlewares/Third_Party/FreeRTOS/Source/portable/GCC/ARM_CM3/port.o
 .debug_frame   0x0000000000002878      0x108 ./Middlewares/Third_Party/FreeRTOS/Source/portable/MemMang/heap_4.o
 .debug_frame   0x0000000000002980      0x144 C:/ST/STM32CubeIDE_1.13.2/STM32CubeIDE/plugins/com.st.stm32cube.ide.mcu.externaltools.gnu-tools-for-stm32.11.3.rel1.win32_1.1.1.202309131626/tools/bin/../lib/gcc/arm-none-eabi/11.3.1/../../../../arm-none-eabi/lib/thumb/v7-m/nofp\libc_nano.a(libc_a-findfp.o)
 .debug_frame   0x0000000000002ac4       0x20 C:/ST/STM32CubeIDE_1.13.2/STM32CubeIDE/plugins/com.st.stm32cube.ide.mcu.externaltools.gnu-tools-for-stm32.11.3.rel1.win32_1.1.1.202309131626/tools/bin/../lib/gcc/arm-none-eabi/11.3.1/../../../../arm-none-eabi/lib/thumb/v7-m/nofp\libc_nano.a(libc_a-memset.o)
 .debug_frame   0x0000000000002ae4       0x38 C:/ST/STM32CubeIDE_1.13.2/STM32CubeIDE/plugins/com.st.stm32cube.ide.mcu.externaltools.gnu-tools-for-stm32.11.3.rel1.win32_1.1.1.202309131626/tools/bin/../lib/gcc/arm-none-eabi/11.3.1/../../../../arm-none-eabi/lib/thumb/v7-m/nofp\libc_nano.a(libc_a-reent.o)
 .debug_frame   0x0000000000002b1c       0x2c C:/ST/STM32CubeIDE_1.13.2/STM32CubeIDE/plugins/com.st.stm32cube.ide.mcu.externaltools.gnu-tools-for-stm32.11.3.rel1.win32_1.1.1.202309131626/tools/bin/../lib/gcc/arm-none-eabi/11.3.1/../../../../arm-none-eabi/lib/thumb/v7-m/nofp\libc_nano.a(libc_a-init.o)
 .debug_frame   0x0000000000002b48       0xb0 C:/ST/STM32CubeIDE_1.13.2/STM32CubeIDE/plugins/com.st.stm32cube.ide.mcu.externaltools.gnu-tools-for-stm32.11.3.rel1.win32_1.1.1.202309131626/tools/bin/../lib/gcc/arm-none-eabi/11.3.1/../../../../arm-none-eabi/lib/thumb/v7-m/nofp\libc_nano.a(libc_a-lock.o)
 .debug_frame   0x0000000000002bf8       0x20 C:/ST/STM32CubeIDE_1.13.2/STM32CubeIDE/plugins/com.st.stm32cube.ide.mcu.externaltools.gnu-tools-for-stm32.11.3.rel1.win32_1.1.1.202309131626/tools/bin/../lib/gcc/arm-none-eabi/11.3.1/../../../../arm-none-eabi/lib/thumb/v7-m/nofp\libc_nano.a(libc_a-strcpy.o)
 .debug_frame   0x0000000000002c18       0x28 C:/ST/STM32CubeIDE_1.13.2/STM32CubeIDE/plugins/com.st.stm32cube.ide.mcu.externaltools.gnu-tools-for-stm32.11.3.rel1.win32_1.1.1.202309131626/tools/bin/../lib/gcc/arm-none-eabi/11.3.1/../../../../arm-none-eabi/lib/thumb/v7-m/nofp\libc_nano.a(libc_a-memcpy-stub.o)
 .debug_frame   0x0000000000002c40       0x38 C:/ST/STM32CubeIDE_1.13.2/STM32CubeIDE/plugins/com.st.stm32cube.ide.mcu.externaltools.gnu-tools-for-stm32.11.3.rel1.win32_1.1.1.202309131626/tools/bin/../lib/gcc/arm-none-eabi/11.3.1/../../../../arm-none-eabi/lib/thumb/v7-m/nofp\libc_nano.a(libc_a-freer.o)
 .debug_frame   0x0000000000002c78       0x50 C:/ST/STM32CubeIDE_1.13.2/STM32CubeIDE/plugins/com.st.stm32cube.ide.mcu.externaltools.gnu-tools-for-stm32.11.3.rel1.win32_1.1.1.202309131626/tools/bin/../lib/gcc/arm-none-eabi/11.3.1/../../../../arm-none-eabi/lib/thumb/v7-m/nofp\libc_nano.a(libc_a-mallocr.o)
 .debug_frame   0x0000000000002cc8       0x30 C:/ST/STM32CubeIDE_1.13.2/STM32CubeIDE/plugins/com.st.stm32cube.ide.mcu.externaltools.gnu-tools-for-stm32.11.3.rel1.win32_1.1.1.202309131626/tools/bin/../lib/gcc/arm-none-eabi/11.3.1/../../../../arm-none-eabi/lib/thumb/v7-m/nofp\libc_nano.a(libc_a-mlock.o)

.debug_line_str
                0x0000000000000000       0x9e
 .debug_line_str
                0x0000000000000000       0x9e ./Core/Startup/startup_stm32f103c8tx.o
                                         0xb6 (size before relaxing)
