../Core/Src/main.c:129:6:sleep	16	static
../Core/Src/main.c:147:6:led_off	8	static
../Core/Src/main.c:152:6:led_on	8	static
../Core/Src/main.c:158:5:verify_state_button	16	static
../Core/Src/main.c:188:5:verify_state_bluetooth	16	static
../Core/Src/main.c:214:6:HAL_TIM_PeriodElapsedCallback	16	static
../Core/Src/main.c:222:5:verify_timeout	4	static
../Core/Src/main.c:234:6:get_event	8	static
../Core/Src/main.c:245:6:state_machine	8	static
../Core/Src/main.c:372:6:do_init	4	static
../Core/Src/main.c:391:5:main	8	static
../Core/Src/main.c:442:6:SystemClock_Config	72	static
../Core/Src/main.c:482:6:Error_Handler	4	static,ignoring_inline_asm
