../Core/Src/main.c:96:5:main	200	static
../Core/Src/main.c:201:6:SystemClock_Config	72	static
../Core/Src/main.c:238:13:MX_USART1_UART_Init	8	static
../Core/Src/main.c:271:13:MX_GPIO_Init	32	static
../Core/Src/main.c:296:6:HAL_UART_TxCpltCallback	16	static,ignoring_inline_asm
../Core/Src/main.c:309:6:HAL_UART_RxCpltCallback	24	static,ignoring_inline_asm
../Core/Src/main.c:328:6:send_byte_rtos	16	static
../Core/Src/main.c:342:6:receive_byte_rtos	16	static
../Core/Src/main.c:358:6:queue_str_task	16	static
../Core/Src/main.c:383:6:queue_str_task1	16	static
../Core/Src/main.c:398:6:led_flash_task	16	static
../Core/Src/main.c:417:6:queue_str_task2	16	static
../Core/Src/main.c:432:6:rs232_xmit_msg_task	24	static
../Core/Src/main.c:462:6:serial_readwrite_task	32	static
../Core/Src/main.c:508:6:Error_Handler	4	static,ignoring_inline_asm
